<?xml version="1.0" encoding="ISO-8859-1" ?>
<link_info>
   <banner>MSP430 Linker PC v21.6.1.LTS</banner>
   <copyright>Copyright (c) 2003-2018 Texas Instruments Incorporated</copyright>
   <link_time>0x69eb1006</link_time>
   <link_errors>0x0</link_errors>
   <output_file>MSP430FR2155.out</output_file>
   <entry_point>
      <name>_c_int00_noargs_mpu</name>
      <address>0xa074</address>
   </entry_point>
   <input_file_list>
      <input_file id="fl-2">
         <path>.\</path>
         <kind>object</kind>
         <file>TMP112x.obj</file>
         <name>TMP112x.obj</name>
      </input_file>
      <input_file id="fl-3">
         <path>.\</path>
         <kind>object</kind>
         <file>ads1115.obj</file>
         <name>ads1115.obj</name>
      </input_file>
      <input_file id="fl-4">
         <path>.\</path>
         <kind>object</kind>
         <file>clock.obj</file>
         <name>clock.obj</name>
      </input_file>
      <input_file id="fl-5">
         <path>.\</path>
         <kind>object</kind>
         <file>fram.obj</file>
         <name>fram.obj</name>
      </input_file>
      <input_file id="fl-6">
         <path>.\</path>
         <kind>object</kind>
         <file>gpio.obj</file>
         <name>gpio.obj</name>
      </input_file>
      <input_file id="fl-7">
         <path>.\</path>
         <kind>object</kind>
         <file>i2c.obj</file>
         <name>i2c.obj</name>
      </input_file>
      <input_file id="fl-8">
         <path>.\</path>
         <kind>object</kind>
         <file>lmp91000.obj</file>
         <name>lmp91000.obj</name>
      </input_file>
      <input_file id="fl-9">
         <path>.\</path>
         <kind>object</kind>
         <file>main.obj</file>
         <name>main.obj</name>
      </input_file>
      <input_file id="fl-a">
         <path>.\</path>
         <kind>object</kind>
         <file>modbus_rtu.obj</file>
         <name>modbus_rtu.obj</name>
      </input_file>
      <input_file id="fl-b">
         <path>.\</path>
         <kind>object</kind>
         <file>uart.obj</file>
         <name>uart.obj</name>
      </input_file>
      <input_file id="fl-11">
         <kind>object</kind>
         <file>&lt;internal&gt;</file>
         <name>&lt;internal&gt;</name>
      </input_file>
      <input_file id="fl-2c">
         <path>C:\ti\ccs2041\ccs\tools\compiler\ti-cgt-msp430_21.6.1.LTS\lib\</path>
         <kind>archive</kind>
         <file>rts430x_lc_sd_eabi.lib</file>
         <name>copy_decompress_lzss.c.obj</name>
      </input_file>
      <input_file id="fl-2d">
         <path>C:\ti\ccs2041\ccs\tools\compiler\ti-cgt-msp430_21.6.1.LTS\lib\</path>
         <kind>archive</kind>
         <file>rts430x_lc_sd_eabi.lib</file>
         <name>copy_decompress_none.c.obj</name>
      </input_file>
      <input_file id="fl-2e">
         <path>C:\ti\ccs2041\ccs\tools\compiler\ti-cgt-msp430_21.6.1.LTS\lib\</path>
         <kind>archive</kind>
         <file>rts430x_lc_sd_eabi.lib</file>
         <name>int22.asm.obj</name>
      </input_file>
      <input_file id="fl-2f">
         <path>C:\ti\ccs2041\ccs\tools\compiler\ti-cgt-msp430_21.6.1.LTS\lib\</path>
         <kind>archive</kind>
         <file>rts430x_lc_sd_eabi.lib</file>
         <name>isr_trap.asm.obj</name>
      </input_file>
      <input_file id="fl-30">
         <path>C:\ti\ccs2041\ccs\tools\compiler\ti-cgt-msp430_21.6.1.LTS\lib\</path>
         <kind>archive</kind>
         <file>rts430x_lc_sd_eabi.lib</file>
         <name>int23.asm.obj</name>
      </input_file>
      <input_file id="fl-31">
         <path>C:\ti\ccs2041\ccs\tools\compiler\ti-cgt-msp430_21.6.1.LTS\lib\</path>
         <kind>archive</kind>
         <file>rts430x_lc_sd_eabi.lib</file>
         <name>int24.asm.obj</name>
      </input_file>
      <input_file id="fl-32">
         <path>C:\ti\ccs2041\ccs\tools\compiler\ti-cgt-msp430_21.6.1.LTS\lib\</path>
         <kind>archive</kind>
         <file>rts430x_lc_sd_eabi.lib</file>
         <name>int25.asm.obj</name>
      </input_file>
      <input_file id="fl-33">
         <path>C:\ti\ccs2041\ccs\tools\compiler\ti-cgt-msp430_21.6.1.LTS\lib\</path>
         <kind>archive</kind>
         <file>rts430x_lc_sd_eabi.lib</file>
         <name>int28.asm.obj</name>
      </input_file>
      <input_file id="fl-34">
         <path>C:\ti\ccs2041\ccs\tools\compiler\ti-cgt-msp430_21.6.1.LTS\lib\</path>
         <kind>archive</kind>
         <file>rts430x_lc_sd_eabi.lib</file>
         <name>int29.asm.obj</name>
      </input_file>
      <input_file id="fl-35">
         <path>C:\ti\ccs2041\ccs\tools\compiler\ti-cgt-msp430_21.6.1.LTS\lib\</path>
         <kind>archive</kind>
         <file>rts430x_lc_sd_eabi.lib</file>
         <name>int30.asm.obj</name>
      </input_file>
      <input_file id="fl-36">
         <path>C:\ti\ccs2041\ccs\tools\compiler\ti-cgt-msp430_21.6.1.LTS\lib\</path>
         <kind>archive</kind>
         <file>rts430x_lc_sd_eabi.lib</file>
         <name>int31.asm.obj</name>
      </input_file>
      <input_file id="fl-37">
         <path>C:\ti\ccs2041\ccs\tools\compiler\ti-cgt-msp430_21.6.1.LTS\lib\</path>
         <kind>archive</kind>
         <file>rts430x_lc_sd_eabi.lib</file>
         <name>int33.asm.obj</name>
      </input_file>
      <input_file id="fl-38">
         <path>C:\ti\ccs2041\ccs\tools\compiler\ti-cgt-msp430_21.6.1.LTS\lib\</path>
         <kind>archive</kind>
         <file>rts430x_lc_sd_eabi.lib</file>
         <name>int34.asm.obj</name>
      </input_file>
      <input_file id="fl-39">
         <path>C:\ti\ccs2041\ccs\tools\compiler\ti-cgt-msp430_21.6.1.LTS\lib\</path>
         <kind>archive</kind>
         <file>rts430x_lc_sd_eabi.lib</file>
         <name>int35.asm.obj</name>
      </input_file>
      <input_file id="fl-3a">
         <path>C:\ti\ccs2041\ccs\tools\compiler\ti-cgt-msp430_21.6.1.LTS\lib\</path>
         <kind>archive</kind>
         <file>rts430x_lc_sd_eabi.lib</file>
         <name>int36.asm.obj</name>
      </input_file>
      <input_file id="fl-3b">
         <path>C:\ti\ccs2041\ccs\tools\compiler\ti-cgt-msp430_21.6.1.LTS\lib\</path>
         <kind>archive</kind>
         <file>rts430x_lc_sd_eabi.lib</file>
         <name>int37.asm.obj</name>
      </input_file>
      <input_file id="fl-3c">
         <path>C:\ti\ccs2041\ccs\tools\compiler\ti-cgt-msp430_21.6.1.LTS\lib\</path>
         <kind>archive</kind>
         <file>rts430x_lc_sd_eabi.lib</file>
         <name>int38.asm.obj</name>
      </input_file>
      <input_file id="fl-3d">
         <path>C:\ti\ccs2041\ccs\tools\compiler\ti-cgt-msp430_21.6.1.LTS\lib\</path>
         <kind>archive</kind>
         <file>rts430x_lc_sd_eabi.lib</file>
         <name>int39.asm.obj</name>
      </input_file>
      <input_file id="fl-3e">
         <path>C:\ti\ccs2041\ccs\tools\compiler\ti-cgt-msp430_21.6.1.LTS\lib\</path>
         <kind>archive</kind>
         <file>rts430x_lc_sd_eabi.lib</file>
         <name>int40.asm.obj</name>
      </input_file>
      <input_file id="fl-3f">
         <path>C:\ti\ccs2041\ccs\tools\compiler\ti-cgt-msp430_21.6.1.LTS\lib\</path>
         <kind>archive</kind>
         <file>rts430x_lc_sd_eabi.lib</file>
         <name>int41.asm.obj</name>
      </input_file>
      <input_file id="fl-40">
         <path>C:\ti\ccs2041\ccs\tools\compiler\ti-cgt-msp430_21.6.1.LTS\lib\</path>
         <kind>archive</kind>
         <file>rts430x_lc_sd_eabi.lib</file>
         <name>int42.asm.obj</name>
      </input_file>
      <input_file id="fl-41">
         <path>C:\ti\ccs2041\ccs\tools\compiler\ti-cgt-msp430_21.6.1.LTS\lib\</path>
         <kind>archive</kind>
         <file>rts430x_lc_sd_eabi.lib</file>
         <name>int44.asm.obj</name>
      </input_file>
      <input_file id="fl-42">
         <path>C:\ti\ccs2041\ccs\tools\compiler\ti-cgt-msp430_21.6.1.LTS\lib\</path>
         <kind>archive</kind>
         <file>rts430x_lc_sd_eabi.lib</file>
         <name>int45.asm.obj</name>
      </input_file>
      <input_file id="fl-43">
         <path>C:\ti\ccs2041\ccs\tools\compiler\ti-cgt-msp430_21.6.1.LTS\lib\</path>
         <kind>archive</kind>
         <file>rts430x_lc_sd_eabi.lib</file>
         <name>copy_zero_init.c.obj</name>
      </input_file>
      <input_file id="fl-44">
         <path>C:\ti\ccs2041\ccs\tools\compiler\ti-cgt-msp430_21.6.1.LTS\lib\</path>
         <kind>archive</kind>
         <file>rts430x_lc_sd_eabi.lib</file>
         <name>cpy_util.asm.obj</name>
      </input_file>
      <input_file id="fl-45">
         <path>C:\ti\ccs2041\ccs\tools\compiler\ti-cgt-msp430_21.6.1.LTS\lib\</path>
         <kind>archive</kind>
         <file>rts430x_lc_sd_eabi.lib</file>
         <name>fs_add.asm.obj</name>
      </input_file>
      <input_file id="fl-46">
         <path>C:\ti\ccs2041\ccs\tools\compiler\ti-cgt-msp430_21.6.1.LTS\lib\</path>
         <kind>archive</kind>
         <file>rts430x_lc_sd_eabi.lib</file>
         <name>fs_cmp.asm.obj</name>
      </input_file>
      <input_file id="fl-47">
         <path>C:\ti\ccs2041\ccs\tools\compiler\ti-cgt-msp430_21.6.1.LTS\lib\</path>
         <kind>archive</kind>
         <file>rts430x_lc_sd_eabi.lib</file>
         <name>fs_div.asm.obj</name>
      </input_file>
      <input_file id="fl-48">
         <path>C:\ti\ccs2041\ccs\tools\compiler\ti-cgt-msp430_21.6.1.LTS\lib\</path>
         <kind>archive</kind>
         <file>rts430x_lc_sd_eabi.lib</file>
         <name>div16u.asm.obj</name>
      </input_file>
      <input_file id="fl-49">
         <path>C:\ti\ccs2041\ccs\tools\compiler\ti-cgt-msp430_21.6.1.LTS\lib\</path>
         <kind>archive</kind>
         <file>rts430x_lc_sd_eabi.lib</file>
         <name>fs_toi.asm.obj</name>
      </input_file>
      <input_file id="fl-4a">
         <path>C:\ti\ccs2041\ccs\tools\compiler\ti-cgt-msp430_21.6.1.LTS\lib\</path>
         <kind>archive</kind>
         <file>rts430x_lc_sd_eabi.lib</file>
         <name>fs_tol.asm.obj</name>
      </input_file>
      <input_file id="fl-4b">
         <path>C:\ti\ccs2041\ccs\tools\compiler\ti-cgt-msp430_21.6.1.LTS\lib\</path>
         <kind>archive</kind>
         <file>rts430x_lc_sd_eabi.lib</file>
         <name>fs_itof.asm.obj</name>
      </input_file>
      <input_file id="fl-4c">
         <path>C:\ti\ccs2041\ccs\tools\compiler\ti-cgt-msp430_21.6.1.LTS\lib\</path>
         <kind>archive</kind>
         <file>rts430x_lc_sd_eabi.lib</file>
         <name>fs_ltof.asm.obj</name>
      </input_file>
      <input_file id="fl-4d">
         <path>C:\ti\ccs2041\ccs\tools\compiler\ti-cgt-msp430_21.6.1.LTS\lib\</path>
         <kind>archive</kind>
         <file>rts430x_lc_sd_eabi.lib</file>
         <name>fs_utof.asm.obj</name>
      </input_file>
      <input_file id="fl-4e">
         <path>C:\ti\ccs2041\ccs\tools\compiler\ti-cgt-msp430_21.6.1.LTS\lib\</path>
         <kind>archive</kind>
         <file>rts430x_lc_sd_eabi.lib</file>
         <name>fs_mpy.asm.obj</name>
      </input_file>
      <input_file id="fl-4f">
         <path>C:\ti\ccs2041\ccs\tools\compiler\ti-cgt-msp430_21.6.1.LTS\lib\</path>
         <kind>archive</kind>
         <file>rts430x_lc_sd_eabi.lib</file>
         <name>mult16_f5hw.asm.obj</name>
      </input_file>
      <input_file id="fl-50">
         <path>C:\ti\ccs2041\ccs\tools\compiler\ti-cgt-msp430_21.6.1.LTS\lib\</path>
         <kind>archive</kind>
         <file>rts430x_lc_sd_eabi.lib</file>
         <name>mult32_f5hw.asm.obj</name>
      </input_file>
      <input_file id="fl-51">
         <path>C:\ti\ccs2041\ccs\tools\compiler\ti-cgt-msp430_21.6.1.LTS\lib\</path>
         <kind>archive</kind>
         <file>rts430x_lc_sd_eabi.lib</file>
         <name>mult64_f5hw.asm.obj</name>
      </input_file>
      <input_file id="fl-52">
         <path>C:\ti\ccs2041\ccs\tools\compiler\ti-cgt-msp430_21.6.1.LTS\lib\</path>
         <kind>archive</kind>
         <file>rts430x_lc_sd_eabi.lib</file>
         <name>mult1632_f5hw.asm.obj</name>
      </input_file>
      <input_file id="fl-53">
         <path>C:\ti\ccs2041\ccs\tools\compiler\ti-cgt-msp430_21.6.1.LTS\lib\</path>
         <kind>archive</kind>
         <file>rts430x_lc_sd_eabi.lib</file>
         <name>mult3264_f5hw.asm.obj</name>
      </input_file>
      <input_file id="fl-54">
         <path>C:\ti\ccs2041\ccs\tools\compiler\ti-cgt-msp430_21.6.1.LTS\lib\</path>
         <kind>archive</kind>
         <file>rts430x_lc_sd_eabi.lib</file>
         <name>fs_neg.asm.obj</name>
      </input_file>
      <input_file id="fl-55">
         <path>C:\ti\ccs2041\ccs\tools\compiler\ti-cgt-msp430_21.6.1.LTS\lib\</path>
         <kind>archive</kind>
         <file>rts430x_lc_sd_eabi.lib</file>
         <name>boot.c.obj</name>
      </input_file>
      <input_file id="fl-56">
         <path>C:\ti\ccs2041\ccs\ccs_base\msp430\lib\FR2xx\</path>
         <kind>archive</kind>
         <file>FRWP_INIT_LIB_CCS_msp430_large_code_small_data.lib</file>
         <name>frwp_init.obj</name>
      </input_file>
      <input_file id="fl-57">
         <path>C:\ti\ccs2041\ccs\tools\compiler\ti-cgt-msp430_21.6.1.LTS\lib\</path>
         <kind>archive</kind>
         <file>rts430x_lc_sd_eabi.lib</file>
         <name>args_main.c.obj</name>
      </input_file>
      <input_file id="fl-58">
         <path>C:\ti\ccs2041\ccs\tools\compiler\ti-cgt-msp430_21.6.1.LTS\lib\</path>
         <kind>archive</kind>
         <file>rts430x_lc_sd_eabi.lib</file>
         <name>autoinit.c.obj</name>
      </input_file>
      <input_file id="fl-59">
         <path>C:\ti\ccs2041\ccs\tools\compiler\ti-cgt-msp430_21.6.1.LTS\lib\</path>
         <kind>archive</kind>
         <file>rts430x_lc_sd_eabi.lib</file>
         <name>startup.c.obj</name>
      </input_file>
      <input_file id="fl-5a">
         <path>C:\ti\ccs2041\ccs\tools\compiler\ti-cgt-msp430_21.6.1.LTS\lib\</path>
         <kind>archive</kind>
         <file>rts430x_lc_sd_eabi.lib</file>
         <name>pre_init.c.obj</name>
      </input_file>
      <input_file id="fl-5b">
         <path>C:\ti\ccs2041\ccs\tools\compiler\ti-cgt-msp430_21.6.1.LTS\lib\</path>
         <kind>archive</kind>
         <file>rts430x_lc_sd_eabi.lib</file>
         <name>cpy_tbl.c.obj</name>
      </input_file>
      <input_file id="fl-5c">
         <path>C:\ti\ccs2041\ccs\tools\compiler\ti-cgt-msp430_21.6.1.LTS\lib\</path>
         <kind>archive</kind>
         <file>rts430x_lc_sd_eabi.lib</file>
         <name>mult16.asm.obj</name>
      </input_file>
      <input_file id="fl-5d">
         <path>C:\ti\ccs2041\ccs\tools\compiler\ti-cgt-msp430_21.6.1.LTS\lib\</path>
         <kind>archive</kind>
         <file>rts430x_lc_sd_eabi.lib</file>
         <name>exit.c.obj</name>
      </input_file>
      <input_file id="fl-5e">
         <path>C:\ti\ccs2041\ccs\tools\compiler\ti-cgt-msp430_21.6.1.LTS\lib\</path>
         <kind>archive</kind>
         <file>rts430x_lc_sd_eabi.lib</file>
         <name>exit_gvars.c.obj</name>
      </input_file>
      <input_file id="fl-5f">
         <path>C:\ti\ccs2041\ccs\tools\compiler\ti-cgt-msp430_21.6.1.LTS\lib\</path>
         <kind>archive</kind>
         <file>rts430x_lc_sd_eabi.lib</file>
         <name>_lock.c.obj</name>
      </input_file>
      <input_file id="fl-60">
         <path>C:\ti\ccs2041\ccs\tools\compiler\ti-cgt-msp430_21.6.1.LTS\lib\</path>
         <kind>archive</kind>
         <file>rts430x_lc_sd_eabi.lib</file>
         <name>memcpy.c.obj</name>
      </input_file>
   </input_file_list>
   <object_component_list>
      <object_component id="oc-7f2">
         <name>.cinit..data.load</name>
         <load_address>0x8000</load_address>
         <run_address>0x8000</run_address>
         <size>0xc</size>
      </object_component>
      <object_component id="oc-7ef">
         <name>__TI_handler_table</name>
         <load_address>0x800c</load_address>
         <run_address>0x800c</run_address>
         <size>0xc</size>
      </object_component>
      <object_component id="oc-7f1">
         <name>.cinit..bss.load</name>
         <load_address>0x8018</load_address>
         <run_address>0x8018</run_address>
         <size>0x6</size>
      </object_component>
      <object_component id="oc-7f0">
         <name>__TI_cinit_table</name>
         <load_address>0x801e</load_address>
         <run_address>0x801e</run_address>
         <size>0x10</size>
      </object_component>
      <object_component id="oc-78f">
         <name>.binit</name>
         <load_address>0x802e</load_address>
         <run_address>0x802e</run_address>
         <size>0x0</size>
      </object_component>
      <object_component id="oc-5c4">
         <name>.const:.string</name>
         <load_address>0x802e</load_address>
         <run_address>0x802e</run_address>
         <size>0x12e</size>
         <input_file_ref idref="fl-9"/>
      </object_component>
      <object_component id="oc-735">
         <name>.const:.string:$P$T0$1</name>
         <load_address>0x815c</load_address>
         <run_address>0x815c</run_address>
         <size>0x11</size>
         <input_file_ref idref="fl-b"/>
      </object_component>
      <object_component id="oc-49d">
         <name>.const:$P$T0$1</name>
         <load_address>0x816e</load_address>
         <run_address>0x816e</run_address>
         <size>0x10</size>
         <input_file_ref idref="fl-9"/>
      </object_component>
      <object_component id="oc-687">
         <name>.text:TMP112_ReadReg</name>
         <load_address>0x817e</load_address>
         <run_address>0x817e</run_address>
         <size>0x23e</size>
         <input_file_ref idref="fl-2"/>
      </object_component>
      <object_component id="oc-680">
         <name>.text:TMP112_WriteReg</name>
         <load_address>0x83bc</load_address>
         <run_address>0x83bc</run_address>
         <size>0x1a8</size>
         <input_file_ref idref="fl-2"/>
      </object_component>
      <object_component id="oc-6e4">
         <name>.text</name>
         <load_address>0x8564</load_address>
         <run_address>0x8564</run_address>
         <size>0x132</size>
         <input_file_ref idref="fl-45"/>
      </object_component>
      <object_component id="oc-518">
         <name>.text:SensorTask_Run</name>
         <load_address>0x8696</load_address>
         <run_address>0x8696</run_address>
         <size>0x130</size>
         <input_file_ref idref="fl-9"/>
      </object_component>
      <object_component id="oc-5a6">
         <name>.text:LMP_Read</name>
         <load_address>0x87c6</load_address>
         <run_address>0x87c6</run_address>
         <size>0x12c</size>
         <input_file_ref idref="fl-8"/>
      </object_component>
      <object_component id="oc-739">
         <name>.text:BuildRegisters</name>
         <load_address>0x88f2</load_address>
         <run_address>0x88f2</run_address>
         <size>0x11c</size>
         <input_file_ref idref="fl-a"/>
      </object_component>
      <object_component id="oc-463">
         <name>.text:main</name>
         <load_address>0x8a0e</load_address>
         <run_address>0x8a0e</run_address>
         <size>0x11a</size>
         <input_file_ref idref="fl-9"/>
      </object_component>
      <object_component id="oc-4c4">
         <name>.text:LMP_Init</name>
         <load_address>0x8b28</load_address>
         <run_address>0x8b28</run_address>
         <size>0x106</size>
         <input_file_ref idref="fl-8"/>
      </object_component>
      <object_component id="oc-599">
         <name>.text:FRAM_Save</name>
         <load_address>0x8c2e</load_address>
         <run_address>0x8c2e</run_address>
         <size>0xfc</size>
         <input_file_ref idref="fl-5"/>
      </object_component>
      <object_component id="oc-6af">
         <name>.text:HandleReadRegisters</name>
         <load_address>0x8d2a</load_address>
         <run_address>0x8d2a</run_address>
         <size>0xfa</size>
         <input_file_ref idref="fl-a"/>
      </object_component>
      <object_component id="oc-64">
         <name>.text:decompress:lzss:__TI_decompress_lzss</name>
         <load_address>0x8e24</load_address>
         <run_address>0x8e24</run_address>
         <size>0xee</size>
         <input_file_ref idref="fl-2c"/>
      </object_component>
      <object_component id="oc-5ac">
         <name>.text:LMP_Write</name>
         <load_address>0x8f12</load_address>
         <run_address>0x8f12</run_address>
         <size>0xe4</size>
         <input_file_ref idref="fl-8"/>
      </object_component>
      <object_component id="oc-624">
         <name>.text:ADS_StartSingleShot</name>
         <load_address>0x8ff6</load_address>
         <run_address>0x8ff6</run_address>
         <size>0xd6</size>
         <input_file_ref idref="fl-3"/>
      </object_component>
      <object_component id="oc-587">
         <name>.text:Software_Trim</name>
         <load_address>0x90cc</load_address>
         <run_address>0x90cc</run_address>
         <size>0xbe</size>
         <input_file_ref idref="fl-4"/>
      </object_component>
      <object_component id="oc-4d6">
         <name>.text:PrintStartupBanner</name>
         <load_address>0x918a</load_address>
         <run_address>0x918a</run_address>
         <size>0xb8</size>
         <input_file_ref idref="fl-9"/>
      </object_component>
      <object_component id="oc-6df">
         <name>.text</name>
         <load_address>0x9242</load_address>
         <run_address>0x9242</run_address>
         <size>0xb8</size>
         <input_file_ref idref="fl-4e"/>
      </object_component>
      <object_component id="oc-618">
         <name>.text:ADS_ReadConversionRaw</name>
         <load_address>0x92fa</load_address>
         <run_address>0x92fa</run_address>
         <size>0xae</size>
         <input_file_ref idref="fl-3"/>
      </object_component>
      <object_component id="oc-6e9">
         <name>.text:Calc_CO_Ppm</name>
         <load_address>0x93a8</load_address>
         <run_address>0x93a8</run_address>
         <size>0xae</size>
         <input_file_ref idref="fl-9"/>
      </object_component>
      <object_component id="oc-4ca">
         <name>.text:I2C_BusReset</name>
         <load_address>0x9456</load_address>
         <run_address>0x9456</run_address>
         <size>0x9e</size>
         <input_file_ref idref="fl-7"/>
      </object_component>
      <object_component id="oc-4a6">
         <name>.text:GPIO_Init</name>
         <load_address>0x94f4</load_address>
         <run_address>0x94f4</run_address>
         <size>0x90</size>
         <input_file_ref idref="fl-6"/>
      </object_component>
      <object_component id="oc-75a">
         <name>.text</name>
         <load_address>0x9584</load_address>
         <run_address>0x9584</run_address>
         <size>0x90</size>
         <input_file_ref idref="fl-47"/>
      </object_component>
      <object_component id="oc-6cc">
         <name>.text:ADS_SetPointer</name>
         <load_address>0x9614</load_address>
         <run_address>0x9614</run_address>
         <size>0x86</size>
         <input_file_ref idref="fl-3"/>
      </object_component>
      <object_component id="oc-5f6">
         <name>.text:ProcessFrame</name>
         <load_address>0x969a</load_address>
         <run_address>0x969a</run_address>
         <size>0x84</size>
         <input_file_ref idref="fl-a"/>
      </object_component>
      <object_component id="oc-593">
         <name>.text:FRAM_SetDefaults</name>
         <load_address>0x971e</load_address>
         <run_address>0x971e</run_address>
         <size>0x7c</size>
         <input_file_ref idref="fl-5"/>
      </object_component>
      <object_component id="oc-61e">
         <name>.text:UpdateCalculatedValues</name>
         <load_address>0x979a</load_address>
         <run_address>0x979a</run_address>
         <size>0x7a</size>
         <input_file_ref idref="fl-9"/>
      </object_component>
      <object_component id="oc-4be">
         <name>.text:FRAM_Load</name>
         <load_address>0x9814</load_address>
         <run_address>0x9814</run_address>
         <size>0x78</size>
         <input_file_ref idref="fl-5"/>
      </object_component>
      <object_component id="oc-500">
         <name>.text:BlinkUartError</name>
         <load_address>0x988c</load_address>
         <run_address>0x988c</run_address>
         <size>0x6e</size>
         <input_file_ref idref="fl-9"/>
      </object_component>
      <object_component id="oc-548">
         <name>.text:__TI_auto_init_nobinit_nopinit_hold_wdt:__TI_auto_init_nobinit_nopinit_hold_wdt</name>
         <load_address>0x98fa</load_address>
         <run_address>0x98fa</run_address>
         <size>0x6a</size>
         <input_file_ref idref="fl-58"/>
      </object_component>
      <object_component id="oc-4ee">
         <name>.text:ModbusRTU_Poll</name>
         <load_address>0x9964</load_address>
         <run_address>0x9964</run_address>
         <size>0x68</size>
         <input_file_ref idref="fl-a"/>
      </object_component>
      <object_component id="oc-5d1">
         <name>.text:UART_SendUInt</name>
         <load_address>0x99cc</load_address>
         <run_address>0x99cc</run_address>
         <size>0x60</size>
         <input_file_ref idref="fl-b"/>
      </object_component>
      <object_component id="oc-4d0">
         <name>.text:TMP112_Init</name>
         <load_address>0x9a2c</load_address>
         <run_address>0x9a2c</run_address>
         <size>0x50</size>
         <input_file_ref idref="fl-2"/>
      </object_component>
      <object_component id="oc-446">
         <name>.text:ModbusRTU_OnRxByte</name>
         <load_address>0x9a7c</load_address>
         <run_address>0x9a7c</run_address>
         <size>0x4e</size>
         <input_file_ref idref="fl-a"/>
      </object_component>
      <object_component id="oc-783">
         <name>.text</name>
         <load_address>0x9aca</load_address>
         <run_address>0x9aca</run_address>
         <size>0x4a</size>
         <input_file_ref idref="fl-46"/>
      </object_component>
      <object_component id="oc-5cb">
         <name>.text:PrintInitResult</name>
         <load_address>0x9b14</load_address>
         <run_address>0x9b14</run_address>
         <size>0x44</size>
         <input_file_ref idref="fl-9"/>
      </object_component>
      <object_component id="oc-606">
         <name>.text:TMP112_ReadTemp</name>
         <load_address>0x9b58</load_address>
         <run_address>0x9b58</run_address>
         <size>0x44</size>
         <input_file_ref idref="fl-2"/>
      </object_component>
      <object_component id="oc-3df">
         <name>.text:__memcpy_far</name>
         <load_address>0x9b9c</load_address>
         <run_address>0x9b9c</run_address>
         <size>0x40</size>
         <input_file_ref idref="fl-44"/>
      </object_component>
      <object_component id="oc-75f">
         <name>.text:ClampFloat</name>
         <load_address>0x9bdc</load_address>
         <run_address>0x9bdc</run_address>
         <size>0x3e</size>
         <input_file_ref idref="fl-9"/>
      </object_component>
      <object_component id="oc-6b5">
         <name>.text:SendException</name>
         <load_address>0x9c1a</load_address>
         <run_address>0x9c1a</run_address>
         <size>0x3e</size>
         <input_file_ref idref="fl-a"/>
      </object_component>
      <object_component id="oc-3fc">
         <name>.text:decompress:ZI:__TI_zero_init_nomemset:__TI_zero_init_nomemset</name>
         <load_address>0x9c58</load_address>
         <run_address>0x9c58</run_address>
         <size>0x3e</size>
         <input_file_ref idref="fl-43"/>
      </object_component>
      <object_component id="oc-475">
         <name>.text:__mpu_init</name>
         <load_address>0x9c96</load_address>
         <run_address>0x9c96</run_address>
         <size>0x3c</size>
         <input_file_ref idref="fl-56"/>
      </object_component>
      <object_component id="oc-6a">
         <name>.text:decompress:none:__TI_decompress_none</name>
         <load_address>0x9cd2</load_address>
         <run_address>0x9cd2</run_address>
         <size>0x3c</size>
         <input_file_ref idref="fl-2d"/>
      </object_component>
      <object_component id="oc-6a3">
         <name>.text:UART_SendHex8</name>
         <load_address>0x9d0e</load_address>
         <run_address>0x9d0e</run_address>
         <size>0x3a</size>
         <input_file_ref idref="fl-b"/>
      </object_component>
      <object_component id="oc-677">
         <name>.text:I2C_WaitFlag</name>
         <load_address>0x9d48</load_address>
         <run_address>0x9d48</run_address>
         <size>0x38</size>
         <input_file_ref idref="fl-7"/>
      </object_component>
      <object_component id="oc-6da">
         <name>.text</name>
         <load_address>0x9d80</load_address>
         <run_address>0x9d80</run_address>
         <size>0x36</size>
         <input_file_ref idref="fl-4b"/>
      </object_component>
      <object_component id="oc-59f">
         <name>.text:FRAM_CRC16</name>
         <load_address>0x9db6</load_address>
         <run_address>0x9db6</run_address>
         <size>0x34</size>
         <input_file_ref idref="fl-5"/>
      </object_component>
      <object_component id="oc-5d7">
         <name>.text:PrintHexByteLine</name>
         <load_address>0x9dea</load_address>
         <run_address>0x9dea</run_address>
         <size>0x2e</size>
         <input_file_ref idref="fl-9"/>
      </object_component>
      <object_component id="oc-4ac">
         <name>.text:Clock_Init</name>
         <load_address>0x9e18</load_address>
         <run_address>0x9e18</run_address>
         <size>0x2a</size>
         <input_file_ref idref="fl-4"/>
      </object_component>
      <object_component id="oc-4b2">
         <name>.text:UART_Init</name>
         <load_address>0x9e42</load_address>
         <run_address>0x9e42</run_address>
         <size>0x24</size>
         <input_file_ref idref="fl-b"/>
      </object_component>
      <object_component id="oc-755">
         <name>.text</name>
         <load_address>0x9e66</load_address>
         <run_address>0x9e66</run_address>
         <size>0x24</size>
         <input_file_ref idref="fl-4d"/>
      </object_component>
      <object_component id="oc-4b8">
         <name>.text:I2C_Init</name>
         <load_address>0x9e8a</load_address>
         <run_address>0x9e8a</run_address>
         <size>0x22</size>
         <input_file_ref idref="fl-7"/>
      </object_component>
      <object_component id="oc-6c3">
         <name>.text:TMP112_RawToTemp</name>
         <load_address>0x9eac</load_address>
         <run_address>0x9eac</run_address>
         <size>0x1c</size>
         <input_file_ref idref="fl-2"/>
      </object_component>
      <object_component id="oc-73f">
         <name>.text:UART_SendBuf</name>
         <load_address>0x9ec8</load_address>
         <run_address>0x9ec8</run_address>
         <size>0x1a</size>
         <input_file_ref idref="fl-b"/>
      </object_component>
      <object_component id="oc-69d">
         <name>.text</name>
         <load_address>0x9ee2</load_address>
         <run_address>0x9ee2</run_address>
         <size>0x16</size>
         <input_file_ref idref="fl-48"/>
      </object_component>
      <object_component id="oc-60c">
         <name>.text:SensorTask_Reset</name>
         <load_address>0x9ef8</load_address>
         <run_address>0x9ef8</run_address>
         <size>0x14</size>
         <input_file_ref idref="fl-9"/>
      </object_component>
      <object_component id="oc-4dc">
         <name>.text:System_GetTickMs</name>
         <load_address>0x9f0c</load_address>
         <run_address>0x9f0c</run_address>
         <size>0x14</size>
         <input_file_ref idref="fl-9"/>
      </object_component>
      <object_component id="oc-72b">
         <name>.text:TMP112_Fail</name>
         <load_address>0x9f20</load_address>
         <run_address>0x9f20</run_address>
         <size>0x14</size>
         <input_file_ref idref="fl-2"/>
      </object_component>
      <object_component id="oc-4f4">
         <name>.text:UART_GetAndClearIsrByteCount</name>
         <load_address>0x9f34</load_address>
         <run_address>0x9f34</run_address>
         <size>0x14</size>
         <input_file_ref idref="fl-b"/>
      </object_component>
      <object_component id="oc-4fa">
         <name>.text:UART_GetAndClearRxErrors</name>
         <load_address>0x9f48</load_address>
         <run_address>0x9f48</run_address>
         <size>0x14</size>
         <input_file_ref idref="fl-b"/>
      </object_component>
      <object_component id="oc-5c5">
         <name>.text:UART_SendStr</name>
         <load_address>0x9f5c</load_address>
         <run_address>0x9f5c</run_address>
         <size>0x12</size>
         <input_file_ref idref="fl-b"/>
      </object_component>
      <object_component id="oc-4a0">
         <name>.text:memcpy</name>
         <load_address>0x9f6e</load_address>
         <run_address>0x9f6e</run_address>
         <size>0x12</size>
         <input_file_ref idref="fl-60"/>
      </object_component>
      <object_component id="oc-6d2">
         <name>.text:ADS_Fail</name>
         <load_address>0x9f80</load_address>
         <run_address>0x9f80</run_address>
         <size>0x10</size>
         <input_file_ref idref="fl-3"/>
      </object_component>
      <object_component id="oc-612">
         <name>.text:TickMsReached</name>
         <load_address>0x9f90</load_address>
         <run_address>0x9f90</run_address>
         <size>0x10</size>
         <input_file_ref idref="fl-9"/>
      </object_component>
      <object_component id="oc-695">
         <name>.text:UART_SendChar</name>
         <load_address>0x9fa0</load_address>
         <run_address>0x9fa0</run_address>
         <size>0xe</size>
         <input_file_ref idref="fl-b"/>
      </object_component>
      <object_component id="oc-778">
         <name>.text:FloatWord</name>
         <load_address>0x9fae</load_address>
         <run_address>0x9fae</run_address>
         <size>0xc</size>
         <input_file_ref idref="fl-a"/>
      </object_component>
      <object_component id="oc-5ba">
         <name>.text:TMP112_ReadConfig</name>
         <load_address>0x9fba</load_address>
         <run_address>0x9fba</run_address>
         <size>0xc</size>
         <input_file_ref idref="fl-2"/>
      </object_component>
      <object_component id="oc-5b4">
         <name>.text:TMP112_WriteConfig</name>
         <load_address>0x9fc6</load_address>
         <run_address>0x9fc6</run_address>
         <size>0xc</size>
         <input_file_ref idref="fl-2"/>
      </object_component>
      <object_component id="oc-50c">
         <name>.text:HandleModbusDiagEvent</name>
         <load_address>0x9fd2</load_address>
         <run_address>0x9fd2</run_address>
         <size>0xa</size>
         <input_file_ref idref="fl-9"/>
      </object_component>
      <object_component id="oc-506">
         <name>.text:ModbusRTU_GetAndClearDiagEvent</name>
         <load_address>0x9fdc</load_address>
         <run_address>0x9fdc</run_address>
         <size>0xa</size>
         <input_file_ref idref="fl-a"/>
      </object_component>
      <object_component id="oc-66e">
         <name>.text:FRAM_WriteDisable</name>
         <load_address>0x9fe6</load_address>
         <run_address>0x9fe6</run_address>
         <size>0x8</size>
         <input_file_ref idref="fl-5"/>
      </object_component>
      <object_component id="oc-668">
         <name>.text:FRAM_WriteEnable</name>
         <load_address>0x9fee</load_address>
         <run_address>0x9fee</run_address>
         <size>0x8</size>
         <input_file_ref idref="fl-5"/>
      </object_component>
      <object_component id="oc-74f">
         <name>.text:FRAM_GetData</name>
         <load_address>0x9ff6</load_address>
         <run_address>0x9ff6</run_address>
         <size>0x6</size>
         <input_file_ref idref="fl-5"/>
      </object_component>
      <object_component id="oc-4e8">
         <name>.text:FRAM_GetSlaveID</name>
         <load_address>0x9ffc</load_address>
         <run_address>0x9ffc</run_address>
         <size>0x6</size>
         <input_file_ref idref="fl-5"/>
      </object_component>
      <object_component id="oc-5f0">
         <name>.text:SetDiagEvent</name>
         <load_address>0xa002</load_address>
         <run_address>0xa002</run_address>
         <size>0x6</size>
         <input_file_ref idref="fl-a"/>
      </object_component>
      <object_component id="oc-5e7">
         <name>.text:UART_ClearRxOverflow</name>
         <load_address>0xa008</load_address>
         <run_address>0xa008</run_address>
         <size>0x6</size>
         <input_file_ref idref="fl-b"/>
      </object_component>
      <object_component id="oc-4e2">
         <name>.text:UART_GetLastRxTick</name>
         <load_address>0xa00e</load_address>
         <run_address>0xa00e</run_address>
         <size>0x6</size>
         <input_file_ref idref="fl-b"/>
      </object_component>
      <object_component id="oc-5e1">
         <name>.text:UART_RxOverflowed</name>
         <load_address>0xa014</load_address>
         <run_address>0xa014</run_address>
         <size>0x6</size>
         <input_file_ref idref="fl-b"/>
      </object_component>
      <object_component id="oc-524">
         <name>.text:abort</name>
         <load_address>0xa01a</load_address>
         <run_address>0xa01a</run_address>
         <size>0x6</size>
         <input_file_ref idref="fl-5d"/>
      </object_component>
      <object_component id="oc-512">
         <name>.text:TicksElapsed16</name>
         <load_address>0xa020</load_address>
         <run_address>0xa020</run_address>
         <size>0x4</size>
         <input_file_ref idref="fl-9"/>
      </object_component>
      <object_component id="oc-48a">
         <name>.text:TicksElapsed16</name>
         <load_address>0xa024</load_address>
         <run_address>0xa024</run_address>
         <size>0x4</size>
         <input_file_ref idref="fl-a"/>
      </object_component>
      <object_component id="oc-45d">
         <name>.text:_system_pre_init</name>
         <load_address>0xa028</load_address>
         <run_address>0xa028</run_address>
         <size>0x4</size>
         <input_file_ref idref="fl-5a"/>
      </object_component>
      <object_component id="oc-63d">
         <name>.text:_system_post_cinit</name>
         <load_address>0xa02c</load_address>
         <run_address>0xa02c</run_address>
         <size>0x2</size>
         <input_file_ref idref="fl-59"/>
      </object_component>
      <object_component id="oc-3f0">
         <name>.text:_isr:EUSCI_A1_ISR</name>
         <load_address>0xa02e</load_address>
         <run_address>0xa02e</run_address>
         <size>0x46</size>
         <input_file_ref idref="fl-b"/>
      </object_component>
      <object_component id="oc-426">
         <name>.text:_isr:_c_int00_noargs_mpu</name>
         <load_address>0xa074</load_address>
         <run_address>0xa074</run_address>
         <size>0x20</size>
         <input_file_ref idref="fl-55"/>
      </object_component>
      <object_component id="oc-3f6">
         <name>.text:_isr:TIMER0_B0_ISR</name>
         <load_address>0xa094</load_address>
         <run_address>0xa094</run_address>
         <size>0x1e</size>
         <input_file_ref idref="fl-9"/>
      </object_component>
      <object_component id="oc-3eb">
         <name>.text:_isr:__TI_ISR_TRAP</name>
         <load_address>0xa0b2</load_address>
         <run_address>0xa0b2</run_address>
         <size>0x8</size>
         <input_file_ref idref="fl-2f"/>
      </object_component>
      <object_component id="oc-590">
         <name>.bss:g_fram</name>
         <uninitialized>true</uninitialized>
         <run_address>0x2040</run_address>
         <size>0x10</size>
         <input_file_ref idref="fl-5"/>
      </object_component>
      <object_component id="oc-5ed">
         <name>.bss:g_modbus_frame</name>
         <uninitialized>true</uninitialized>
         <run_address>0x2000</run_address>
         <size>0x40</size>
         <input_file_ref idref="fl-a"/>
      </object_component>
      <object_component id="oc-490">
         <name>.bss:g_modbus_isr_frame</name>
         <uninitialized>true</uninitialized>
         <run_address>0x2050</run_address>
         <size>0x8</size>
         <input_file_ref idref="fl-a"/>
      </object_component>
      <object_component id="oc-5c0">
         <name>.data:g_tmp112</name>
         <load_address>0x2074</load_address>
         <run_address>0x2074</run_address>
         <size>0x6</size>
         <input_file_ref idref="fl-2"/>
      </object_component>
      <object_component id="oc-452">
         <name>.data</name>
         <load_address>0x2062</load_address>
         <run_address>0x2062</run_address>
         <size>0xa</size>
         <input_file_ref idref="fl-9"/>
      </object_component>
      <object_component id="oc-603">
         <name>.data:g_sensor_task</name>
         <load_address>0x2058</load_address>
         <run_address>0x2058</run_address>
         <size>0xa</size>
         <input_file_ref idref="fl-9"/>
      </object_component>
      <object_component id="oc-487">
         <name>.data</name>
         <load_address>0x207a</load_address>
         <run_address>0x207a</run_address>
         <size>0x5</size>
         <input_file_ref idref="fl-a"/>
      </object_component>
      <object_component id="oc-443">
         <name>.data</name>
         <load_address>0x206c</load_address>
         <run_address>0x206c</run_address>
         <size>0x7</size>
         <input_file_ref idref="fl-b"/>
      </object_component>
      <object_component id="oc-3d0">
         <name>.stack</name>
         <uninitialized>true</uninitialized>
         <run_address>0x2f60</run_address>
         <size>0x2</size>
         <input_file_ref idref="fl-55"/>
      </object_component>
      <object_component id="oc-7f3">
         <name>.stack</name>
         <uninitialized>true</uninitialized>
         <run_address>0x2f60</run_address>
         <size>0x0</size>
      </object_component>
      <object_component id="oc-70">
         <name>.int22</name>
         <load_address>0xffce</load_address>
         <run_address>0xffce</run_address>
         <size>0x2</size>
         <input_file_ref idref="fl-2e"/>
      </object_component>
      <object_component id="oc-71">
         <name>.int23</name>
         <load_address>0xffd0</load_address>
         <run_address>0xffd0</run_address>
         <size>0x2</size>
         <input_file_ref idref="fl-30"/>
      </object_component>
      <object_component id="oc-72">
         <name>.int24</name>
         <load_address>0xffd2</load_address>
         <run_address>0xffd2</run_address>
         <size>0x2</size>
         <input_file_ref idref="fl-31"/>
      </object_component>
      <object_component id="oc-73">
         <name>.int25</name>
         <load_address>0xffd4</load_address>
         <run_address>0xffd4</run_address>
         <size>0x2</size>
         <input_file_ref idref="fl-32"/>
      </object_component>
      <object_component id="oc-74">
         <name>.int28</name>
         <load_address>0xffda</load_address>
         <run_address>0xffda</run_address>
         <size>0x2</size>
         <input_file_ref idref="fl-33"/>
      </object_component>
      <object_component id="oc-75">
         <name>.int29</name>
         <load_address>0xffdc</load_address>
         <run_address>0xffdc</run_address>
         <size>0x2</size>
         <input_file_ref idref="fl-34"/>
      </object_component>
      <object_component id="oc-76">
         <name>.int30</name>
         <load_address>0xffde</load_address>
         <run_address>0xffde</run_address>
         <size>0x2</size>
         <input_file_ref idref="fl-35"/>
      </object_component>
      <object_component id="oc-77">
         <name>.int31</name>
         <load_address>0xffe0</load_address>
         <run_address>0xffe0</run_address>
         <size>0x2</size>
         <input_file_ref idref="fl-36"/>
      </object_component>
      <object_component id="oc-78">
         <name>.int32</name>
         <load_address>0xffe2</load_address>
         <run_address>0xffe2</run_address>
         <size>0x2</size>
         <input_file_ref idref="fl-b"/>
      </object_component>
      <object_component id="oc-79">
         <name>.int33</name>
         <load_address>0xffe4</load_address>
         <run_address>0xffe4</run_address>
         <size>0x2</size>
         <input_file_ref idref="fl-37"/>
      </object_component>
      <object_component id="oc-7a">
         <name>.int34</name>
         <load_address>0xffe6</load_address>
         <run_address>0xffe6</run_address>
         <size>0x2</size>
         <input_file_ref idref="fl-38"/>
      </object_component>
      <object_component id="oc-7b">
         <name>.int35</name>
         <load_address>0xffe8</load_address>
         <run_address>0xffe8</run_address>
         <size>0x2</size>
         <input_file_ref idref="fl-39"/>
      </object_component>
      <object_component id="oc-7c">
         <name>.int36</name>
         <load_address>0xffea</load_address>
         <run_address>0xffea</run_address>
         <size>0x2</size>
         <input_file_ref idref="fl-3a"/>
      </object_component>
      <object_component id="oc-7d">
         <name>.int37</name>
         <load_address>0xffec</load_address>
         <run_address>0xffec</run_address>
         <size>0x2</size>
         <input_file_ref idref="fl-3b"/>
      </object_component>
      <object_component id="oc-7e">
         <name>.int38</name>
         <load_address>0xffee</load_address>
         <run_address>0xffee</run_address>
         <size>0x2</size>
         <input_file_ref idref="fl-3c"/>
      </object_component>
      <object_component id="oc-7f">
         <name>.int39</name>
         <load_address>0xfff0</load_address>
         <run_address>0xfff0</run_address>
         <size>0x2</size>
         <input_file_ref idref="fl-3d"/>
      </object_component>
      <object_component id="oc-80">
         <name>.int40</name>
         <load_address>0xfff2</load_address>
         <run_address>0xfff2</run_address>
         <size>0x2</size>
         <input_file_ref idref="fl-3e"/>
      </object_component>
      <object_component id="oc-81">
         <name>.int41</name>
         <load_address>0xfff4</load_address>
         <run_address>0xfff4</run_address>
         <size>0x2</size>
         <input_file_ref idref="fl-3f"/>
      </object_component>
      <object_component id="oc-82">
         <name>.int42</name>
         <load_address>0xfff6</load_address>
         <run_address>0xfff6</run_address>
         <size>0x2</size>
         <input_file_ref idref="fl-40"/>
      </object_component>
      <object_component id="oc-83">
         <name>.int43</name>
         <load_address>0xfff8</load_address>
         <run_address>0xfff8</run_address>
         <size>0x2</size>
         <input_file_ref idref="fl-9"/>
      </object_component>
      <object_component id="oc-84">
         <name>.int44</name>
         <load_address>0xfffa</load_address>
         <run_address>0xfffa</run_address>
         <size>0x2</size>
         <input_file_ref idref="fl-41"/>
      </object_component>
      <object_component id="oc-85">
         <name>.int45</name>
         <load_address>0xfffc</load_address>
         <run_address>0xfffc</run_address>
         <size>0x2</size>
         <input_file_ref idref="fl-42"/>
      </object_component>
      <object_component id="oc-3d3">
         <name>.reset</name>
         <load_address>0xfffe</load_address>
         <run_address>0xfffe</run_address>
         <size>0x2</size>
         <input_file_ref idref="fl-55"/>
      </object_component>
      <object_component id="oc-575">
         <name>.debug_info</name>
         <load_address>0x0</load_address>
         <run_address>0x0</run_address>
         <size>0x23b</size>
         <input_file_ref idref="fl-2"/>
      </object_component>
      <object_component id="oc-5c1">
         <name>.debug_info</name>
         <load_address>0x23b</load_address>
         <run_address>0x23b</run_address>
         <size>0xd6</size>
         <input_file_ref idref="fl-2"/>
      </object_component>
      <object_component id="oc-72c">
         <name>.debug_info</name>
         <load_address>0x311</load_address>
         <run_address>0x311</run_address>
         <size>0x145</size>
         <input_file_ref idref="fl-2"/>
      </object_component>
      <object_component id="oc-681">
         <name>.debug_info</name>
         <load_address>0x456</load_address>
         <run_address>0x456</run_address>
         <size>0x206</size>
         <input_file_ref idref="fl-2"/>
      </object_component>
      <object_component id="oc-5b5">
         <name>.debug_info</name>
         <load_address>0x65c</load_address>
         <run_address>0x65c</run_address>
         <size>0x181</size>
         <input_file_ref idref="fl-2"/>
      </object_component>
      <object_component id="oc-688">
         <name>.debug_info</name>
         <load_address>0x7dd</load_address>
         <run_address>0x7dd</run_address>
         <size>0x23a</size>
         <input_file_ref idref="fl-2"/>
      </object_component>
      <object_component id="oc-5bb">
         <name>.debug_info</name>
         <load_address>0xa17</load_address>
         <run_address>0xa17</run_address>
         <size>0x17e</size>
         <input_file_ref idref="fl-2"/>
      </object_component>
      <object_component id="oc-6c4">
         <name>.debug_info</name>
         <load_address>0xb95</load_address>
         <run_address>0xb95</run_address>
         <size>0x17f</size>
         <input_file_ref idref="fl-2"/>
      </object_component>
      <object_component id="oc-607">
         <name>.debug_info</name>
         <load_address>0xd14</load_address>
         <run_address>0xd14</run_address>
         <size>0x19e</size>
         <input_file_ref idref="fl-2"/>
      </object_component>
      <object_component id="oc-4d1">
         <name>.debug_info</name>
         <load_address>0xeb2</load_address>
         <run_address>0xeb2</run_address>
         <size>0x193</size>
         <input_file_ref idref="fl-2"/>
      </object_component>
      <object_component id="oc-690">
         <name>.debug_info</name>
         <load_address>0x1045</load_address>
         <run_address>0x1045</run_address>
         <size>0x5e</size>
         <input_file_ref idref="fl-2"/>
      </object_component>
      <object_component id="oc-56a">
         <name>.debug_info</name>
         <load_address>0x10a3</load_address>
         <run_address>0x10a3</run_address>
         <size>0x26b</size>
         <input_file_ref idref="fl-2"/>
      </object_component>
      <object_component id="oc-3da">
         <name>.debug_info</name>
         <load_address>0x130e</load_address>
         <run_address>0x130e</run_address>
         <size>0x84</size>
         <input_file_ref idref="fl-2"/>
      </object_component>
      <object_component id="oc-494">
         <name>.debug_info</name>
         <load_address>0x1392</load_address>
         <run_address>0x1392</run_address>
         <size>0x282</size>
         <input_file_ref idref="fl-2"/>
      </object_component>
      <object_component id="oc-44d">
         <name>.debug_info</name>
         <load_address>0x1614</load_address>
         <run_address>0x1614</run_address>
         <size>0xbb</size>
         <input_file_ref idref="fl-2"/>
      </object_component>
      <object_component id="oc-6d9">
         <name>.debug_info</name>
         <load_address>0x16cf</load_address>
         <run_address>0x16cf</run_address>
         <size>0x230</size>
         <input_file_ref idref="fl-3"/>
      </object_component>
      <object_component id="oc-6d5">
         <name>.debug_info</name>
         <load_address>0x18ff</load_address>
         <run_address>0x18ff</run_address>
         <size>0x13b</size>
         <input_file_ref idref="fl-3"/>
      </object_component>
      <object_component id="oc-628">
         <name>.debug_info</name>
         <load_address>0x1a3a</load_address>
         <run_address>0x1a3a</run_address>
         <size>0x238</size>
         <input_file_ref idref="fl-3"/>
      </object_component>
      <object_component id="oc-6d0">
         <name>.debug_info</name>
         <load_address>0x1c72</load_address>
         <run_address>0x1c72</run_address>
         <size>0x1bd</size>
         <input_file_ref idref="fl-3"/>
      </object_component>
      <object_component id="oc-61c">
         <name>.debug_info</name>
         <load_address>0x1e2f</load_address>
         <run_address>0x1e2f</run_address>
         <size>0x204</size>
         <input_file_ref idref="fl-3"/>
      </object_component>
      <object_component id="oc-589">
         <name>.debug_info</name>
         <load_address>0x2033</load_address>
         <run_address>0x2033</run_address>
         <size>0x1c3</size>
         <input_file_ref idref="fl-4"/>
      </object_component>
      <object_component id="oc-4ae">
         <name>.debug_info</name>
         <load_address>0x21f6</load_address>
         <run_address>0x21f6</run_address>
         <size>0x119</size>
         <input_file_ref idref="fl-4"/>
      </object_component>
      <object_component id="oc-675">
         <name>.debug_info</name>
         <load_address>0x230f</load_address>
         <run_address>0x230f</run_address>
         <size>0x186</size>
         <input_file_ref idref="fl-5"/>
      </object_component>
      <object_component id="oc-591">
         <name>.debug_info</name>
         <load_address>0x2495</load_address>
         <run_address>0x2495</run_address>
         <size>0xcf</size>
         <input_file_ref idref="fl-5"/>
      </object_component>
      <object_component id="oc-5a1">
         <name>.debug_info</name>
         <load_address>0x2564</load_address>
         <run_address>0x2564</run_address>
         <size>0x16b</size>
         <input_file_ref idref="fl-5"/>
      </object_component>
      <object_component id="oc-669">
         <name>.debug_info</name>
         <load_address>0x26cf</load_address>
         <run_address>0x26cf</run_address>
         <size>0x10d</size>
         <input_file_ref idref="fl-5"/>
      </object_component>
      <object_component id="oc-670">
         <name>.debug_info</name>
         <load_address>0x27dc</load_address>
         <run_address>0x27dc</run_address>
         <size>0x10f</size>
         <input_file_ref idref="fl-5"/>
      </object_component>
      <object_component id="oc-59a">
         <name>.debug_info</name>
         <load_address>0x28eb</load_address>
         <run_address>0x28eb</run_address>
         <size>0x14f</size>
         <input_file_ref idref="fl-5"/>
      </object_component>
      <object_component id="oc-594">
         <name>.debug_info</name>
         <load_address>0x2a3a</load_address>
         <run_address>0x2a3a</run_address>
         <size>0x10d</size>
         <input_file_ref idref="fl-5"/>
      </object_component>
      <object_component id="oc-4bf">
         <name>.debug_info</name>
         <load_address>0x2b47</load_address>
         <run_address>0x2b47</run_address>
         <size>0x1b6</size>
         <input_file_ref idref="fl-5"/>
      </object_component>
      <object_component id="oc-4e9">
         <name>.debug_info</name>
         <load_address>0x2cfd</load_address>
         <run_address>0x2cfd</run_address>
         <size>0x110</size>
         <input_file_ref idref="fl-5"/>
      </object_component>
      <object_component id="oc-750">
         <name>.debug_info</name>
         <load_address>0x2e0d</load_address>
         <run_address>0x2e0d</run_address>
         <size>0x10a</size>
         <input_file_ref idref="fl-5"/>
      </object_component>
      <object_component id="oc-578">
         <name>.debug_info</name>
         <load_address>0x2f17</load_address>
         <run_address>0x2f17</run_address>
         <size>0xfe</size>
         <input_file_ref idref="fl-5"/>
      </object_component>
      <object_component id="oc-581">
         <name>.debug_info</name>
         <load_address>0x3015</load_address>
         <run_address>0x3015</run_address>
         <size>0x2c</size>
         <input_file_ref idref="fl-5"/>
      </object_component>
      <object_component id="oc-722">
         <name>.debug_info</name>
         <load_address>0x3041</load_address>
         <run_address>0x3041</run_address>
         <size>0x35</size>
         <input_file_ref idref="fl-5"/>
      </object_component>
      <object_component id="oc-4a7">
         <name>.debug_info</name>
         <load_address>0x3076</load_address>
         <run_address>0x3076</run_address>
         <size>0x100</size>
         <input_file_ref idref="fl-6"/>
      </object_component>
      <object_component id="oc-728">
         <name>.debug_info</name>
         <load_address>0x3176</load_address>
         <run_address>0x3176</run_address>
         <size>0x229</size>
         <input_file_ref idref="fl-7"/>
      </object_component>
      <object_component id="oc-67b">
         <name>.debug_info</name>
         <load_address>0x339f</load_address>
         <run_address>0x339f</run_address>
         <size>0x175</size>
         <input_file_ref idref="fl-7"/>
      </object_component>
      <object_component id="oc-4bb">
         <name>.debug_info</name>
         <load_address>0x3514</load_address>
         <run_address>0x3514</run_address>
         <size>0xfb</size>
         <input_file_ref idref="fl-7"/>
      </object_component>
      <object_component id="oc-4cb">
         <name>.debug_info</name>
         <load_address>0x360f</load_address>
         <run_address>0x360f</run_address>
         <size>0x11d</size>
         <input_file_ref idref="fl-7"/>
      </object_component>
      <object_component id="oc-67e">
         <name>.debug_info</name>
         <load_address>0x372c</load_address>
         <run_address>0x372c</run_address>
         <size>0x243</size>
         <input_file_ref idref="fl-8"/>
      </object_component>
      <object_component id="oc-5af">
         <name>.debug_info</name>
         <load_address>0x396f</load_address>
         <run_address>0x396f</run_address>
         <size>0x234</size>
         <input_file_ref idref="fl-8"/>
      </object_component>
      <object_component id="oc-5a8">
         <name>.debug_info</name>
         <load_address>0x3ba3</load_address>
         <run_address>0x3ba3</run_address>
         <size>0x27e</size>
         <input_file_ref idref="fl-8"/>
      </object_component>
      <object_component id="oc-4c5">
         <name>.debug_info</name>
         <load_address>0x3e21</load_address>
         <run_address>0x3e21</run_address>
         <size>0x1d3</size>
         <input_file_ref idref="fl-8"/>
      </object_component>
      <object_component id="oc-49b">
         <name>.debug_info</name>
         <load_address>0x3ff4</load_address>
         <run_address>0x3ff4</run_address>
         <size>0x6b7</size>
         <input_file_ref idref="fl-9"/>
      </object_component>
      <object_component id="oc-453">
         <name>.debug_info</name>
         <load_address>0x46ab</load_address>
         <run_address>0x46ab</run_address>
         <size>0x18d</size>
         <input_file_ref idref="fl-9"/>
      </object_component>
      <object_component id="oc-604">
         <name>.debug_info</name>
         <load_address>0x4838</load_address>
         <run_address>0x4838</run_address>
         <size>0xdd</size>
         <input_file_ref idref="fl-9"/>
      </object_component>
      <object_component id="oc-49e">
         <name>.debug_info</name>
         <load_address>0x4915</load_address>
         <run_address>0x4915</run_address>
         <size>0xd2</size>
         <input_file_ref idref="fl-9"/>
      </object_component>
      <object_component id="oc-5cc">
         <name>.debug_info</name>
         <load_address>0x49e7</load_address>
         <run_address>0x49e7</run_address>
         <size>0x1e1</size>
         <input_file_ref idref="fl-9"/>
      </object_component>
      <object_component id="oc-5d8">
         <name>.debug_info</name>
         <load_address>0x4bc8</load_address>
         <run_address>0x4bc8</run_address>
         <size>0x1b9</size>
         <input_file_ref idref="fl-9"/>
      </object_component>
      <object_component id="oc-4d7">
         <name>.debug_info</name>
         <load_address>0x4d81</load_address>
         <run_address>0x4d81</run_address>
         <size>0x34d</size>
         <input_file_ref idref="fl-9"/>
      </object_component>
      <object_component id="oc-4dd">
         <name>.debug_info</name>
         <load_address>0x50ce</load_address>
         <run_address>0x50ce</run_address>
         <size>0x12d</size>
         <input_file_ref idref="fl-9"/>
      </object_component>
      <object_component id="oc-501">
         <name>.debug_info</name>
         <load_address>0x51fb</load_address>
         <run_address>0x51fb</run_address>
         <size>0x147</size>
         <input_file_ref idref="fl-9"/>
      </object_component>
      <object_component id="oc-50d">
         <name>.debug_info</name>
         <load_address>0x5342</load_address>
         <run_address>0x5342</run_address>
         <size>0x152</size>
         <input_file_ref idref="fl-9"/>
      </object_component>
      <object_component id="oc-513">
         <name>.debug_info</name>
         <load_address>0x5494</load_address>
         <run_address>0x5494</run_address>
         <size>0x13e</size>
         <input_file_ref idref="fl-9"/>
      </object_component>
      <object_component id="oc-60d">
         <name>.debug_info</name>
         <load_address>0x55d2</load_address>
         <run_address>0x55d2</run_address>
         <size>0x10d</size>
         <input_file_ref idref="fl-9"/>
      </object_component>
      <object_component id="oc-613">
         <name>.debug_info</name>
         <load_address>0x56df</load_address>
         <run_address>0x56df</run_address>
         <size>0x16d</size>
         <input_file_ref idref="fl-9"/>
      </object_component>
      <object_component id="oc-760">
         <name>.debug_info</name>
         <load_address>0x584c</load_address>
         <run_address>0x584c</run_address>
         <size>0x1d9</size>
         <input_file_ref idref="fl-9"/>
      </object_component>
      <object_component id="oc-6ea">
         <name>.debug_info</name>
         <load_address>0x5a25</load_address>
         <run_address>0x5a25</run_address>
         <size>0x239</size>
         <input_file_ref idref="fl-9"/>
      </object_component>
      <object_component id="oc-61f">
         <name>.debug_info</name>
         <load_address>0x5c5e</load_address>
         <run_address>0x5c5e</run_address>
         <size>0x289</size>
         <input_file_ref idref="fl-9"/>
      </object_component>
      <object_component id="oc-519">
         <name>.debug_info</name>
         <load_address>0x5ee7</load_address>
         <run_address>0x5ee7</run_address>
         <size>0x2c6</size>
         <input_file_ref idref="fl-9"/>
      </object_component>
      <object_component id="oc-464">
         <name>.debug_info</name>
         <load_address>0x61ad</load_address>
         <run_address>0x61ad</run_address>
         <size>0x3c5</size>
         <input_file_ref idref="fl-9"/>
      </object_component>
      <object_component id="oc-3f9">
         <name>.debug_info</name>
         <load_address>0x6572</load_address>
         <run_address>0x6572</run_address>
         <size>0x10c</size>
         <input_file_ref idref="fl-9"/>
      </object_component>
      <object_component id="oc-6be">
         <name>.debug_info</name>
         <load_address>0x667e</load_address>
         <run_address>0x667e</run_address>
         <size>0xd3</size>
         <input_file_ref idref="fl-9"/>
      </object_component>
      <object_component id="oc-51f">
         <name>.debug_info</name>
         <load_address>0x6751</load_address>
         <run_address>0x6751</run_address>
         <size>0x9a</size>
         <input_file_ref idref="fl-9"/>
      </object_component>
      <object_component id="oc-571">
         <name>.debug_info</name>
         <load_address>0x67eb</load_address>
         <run_address>0x67eb</run_address>
         <size>0x2c1</size>
         <input_file_ref idref="fl-a"/>
      </object_component>
      <object_component id="oc-5ee">
         <name>.debug_info</name>
         <load_address>0x6aac</load_address>
         <run_address>0x6aac</run_address>
         <size>0xe5</size>
         <input_file_ref idref="fl-a"/>
      </object_component>
      <object_component id="oc-488">
         <name>.debug_info</name>
         <load_address>0x6b91</load_address>
         <run_address>0x6b91</run_address>
         <size>0x193</size>
         <input_file_ref idref="fl-a"/>
      </object_component>
      <object_component id="oc-491">
         <name>.debug_info</name>
         <load_address>0x6d24</load_address>
         <run_address>0x6d24</run_address>
         <size>0xed</size>
         <input_file_ref idref="fl-a"/>
      </object_component>
      <object_component id="oc-5f2">
         <name>.debug_info</name>
         <load_address>0x6e11</load_address>
         <run_address>0x6e11</run_address>
         <size>0x151</size>
         <input_file_ref idref="fl-a"/>
      </object_component>
      <object_component id="oc-77a">
         <name>.debug_info</name>
         <load_address>0x6f62</load_address>
         <run_address>0x6f62</run_address>
         <size>0x18f</size>
         <input_file_ref idref="fl-a"/>
      </object_component>
      <object_component id="oc-73b">
         <name>.debug_info</name>
         <load_address>0x70f1</load_address>
         <run_address>0x70f1</run_address>
         <size>0x23e</size>
         <input_file_ref idref="fl-a"/>
      </object_component>
      <object_component id="oc-6b6">
         <name>.debug_info</name>
         <load_address>0x732f</load_address>
         <run_address>0x732f</run_address>
         <size>0x210</size>
         <input_file_ref idref="fl-a"/>
      </object_component>
      <object_component id="oc-6b1">
         <name>.debug_info</name>
         <load_address>0x753f</load_address>
         <run_address>0x753f</run_address>
         <size>0x2a6</size>
         <input_file_ref idref="fl-a"/>
      </object_component>
      <object_component id="oc-5f8">
         <name>.debug_info</name>
         <load_address>0x77e5</load_address>
         <run_address>0x77e5</run_address>
         <size>0x239</size>
         <input_file_ref idref="fl-a"/>
      </object_component>
      <object_component id="oc-4f0">
         <name>.debug_info</name>
         <load_address>0x7a1e</load_address>
         <run_address>0x7a1e</run_address>
         <size>0x20e</size>
         <input_file_ref idref="fl-a"/>
      </object_component>
      <object_component id="oc-48b">
         <name>.debug_info</name>
         <load_address>0x7c2c</load_address>
         <run_address>0x7c2c</run_address>
         <size>0x150</size>
         <input_file_ref idref="fl-a"/>
      </object_component>
      <object_component id="oc-448">
         <name>.debug_info</name>
         <load_address>0x7d7c</load_address>
         <run_address>0x7d7c</run_address>
         <size>0x195</size>
         <input_file_ref idref="fl-a"/>
      </object_component>
      <object_component id="oc-507">
         <name>.debug_info</name>
         <load_address>0x7f11</load_address>
         <run_address>0x7f11</run_address>
         <size>0x15d</size>
         <input_file_ref idref="fl-a"/>
      </object_component>
      <object_component id="oc-78a">
         <name>.debug_info</name>
         <load_address>0x806e</load_address>
         <run_address>0x806e</run_address>
         <size>0x51</size>
         <input_file_ref idref="fl-a"/>
      </object_component>
      <object_component id="oc-486">
         <name>.debug_info</name>
         <load_address>0x80bf</load_address>
         <run_address>0x80bf</run_address>
         <size>0x356</size>
         <input_file_ref idref="fl-b"/>
      </object_component>
      <object_component id="oc-444">
         <name>.debug_info</name>
         <load_address>0x8415</load_address>
         <run_address>0x8415</run_address>
         <size>0x1bb</size>
         <input_file_ref idref="fl-b"/>
      </object_component>
      <object_component id="oc-736">
         <name>.debug_info</name>
         <load_address>0x85d0</load_address>
         <run_address>0x85d0</run_address>
         <size>0xd1</size>
         <input_file_ref idref="fl-b"/>
      </object_component>
      <object_component id="oc-697">
         <name>.debug_info</name>
         <load_address>0x86a1</load_address>
         <run_address>0x86a1</run_address>
         <size>0x11e</size>
         <input_file_ref idref="fl-b"/>
      </object_component>
      <object_component id="oc-5d3">
         <name>.debug_info</name>
         <load_address>0x87bf</load_address>
         <run_address>0x87bf</run_address>
         <size>0x189</size>
         <input_file_ref idref="fl-b"/>
      </object_component>
      <object_component id="oc-5c6">
         <name>.debug_info</name>
         <load_address>0x8948</load_address>
         <run_address>0x8948</run_address>
         <size>0x130</size>
         <input_file_ref idref="fl-b"/>
      </object_component>
      <object_component id="oc-6a4">
         <name>.debug_info</name>
         <load_address>0x8a78</load_address>
         <run_address>0x8a78</run_address>
         <size>0x15f</size>
         <input_file_ref idref="fl-b"/>
      </object_component>
      <object_component id="oc-741">
         <name>.debug_info</name>
         <load_address>0x8bd7</load_address>
         <run_address>0x8bd7</run_address>
         <size>0x165</size>
         <input_file_ref idref="fl-b"/>
      </object_component>
      <object_component id="oc-5e2">
         <name>.debug_info</name>
         <load_address>0x8d3c</load_address>
         <run_address>0x8d3c</run_address>
         <size>0x114</size>
         <input_file_ref idref="fl-b"/>
      </object_component>
      <object_component id="oc-4b3">
         <name>.debug_info</name>
         <load_address>0x8e50</load_address>
         <run_address>0x8e50</run_address>
         <size>0x100</size>
         <input_file_ref idref="fl-b"/>
      </object_component>
      <object_component id="oc-4e3">
         <name>.debug_info</name>
         <load_address>0x8f50</load_address>
         <run_address>0x8f50</run_address>
         <size>0x116</size>
         <input_file_ref idref="fl-b"/>
      </object_component>
      <object_component id="oc-4fb">
         <name>.debug_info</name>
         <load_address>0x9066</load_address>
         <run_address>0x9066</run_address>
         <size>0x137</size>
         <input_file_ref idref="fl-b"/>
      </object_component>
      <object_component id="oc-4f5">
         <name>.debug_info</name>
         <load_address>0x919d</load_address>
         <run_address>0x919d</run_address>
         <size>0x13d</size>
         <input_file_ref idref="fl-b"/>
      </object_component>
      <object_component id="oc-5e9">
         <name>.debug_info</name>
         <load_address>0x92da</load_address>
         <run_address>0x92da</run_address>
         <size>0x116</size>
         <input_file_ref idref="fl-b"/>
      </object_component>
      <object_component id="oc-3f2">
         <name>.debug_info</name>
         <load_address>0x93f0</load_address>
         <run_address>0x93f0</run_address>
         <size>0x14e</size>
         <input_file_ref idref="fl-b"/>
      </object_component>
      <object_component id="oc-65">
         <name>.debug_info</name>
         <load_address>0x953e</load_address>
         <run_address>0x953e</run_address>
         <size>0x2b8</size>
         <input_file_ref idref="fl-2c"/>
      </object_component>
      <object_component id="oc-47f">
         <name>.debug_info</name>
         <load_address>0x97f6</load_address>
         <run_address>0x97f6</run_address>
         <size>0x46</size>
         <input_file_ref idref="fl-2c"/>
      </object_component>
      <object_component id="oc-43a">
         <name>.debug_info</name>
         <load_address>0x983c</load_address>
         <run_address>0x983c</run_address>
         <size>0x39</size>
         <input_file_ref idref="fl-2c"/>
      </object_component>
      <object_component id="oc-3d5">
         <name>.debug_info</name>
         <load_address>0x9875</load_address>
         <run_address>0x9875</run_address>
         <size>0x60</size>
         <input_file_ref idref="fl-2c"/>
      </object_component>
      <object_component id="oc-3ea">
         <name>.debug_info</name>
         <load_address>0x98d5</load_address>
         <run_address>0x98d5</run_address>
         <size>0x1da</size>
         <input_file_ref idref="fl-2d"/>
      </object_component>
      <object_component id="oc-6b">
         <name>.debug_info</name>
         <load_address>0x9aaf</load_address>
         <run_address>0x9aaf</run_address>
         <size>0x1f2</size>
         <input_file_ref idref="fl-2d"/>
      </object_component>
      <object_component id="oc-3e5">
         <name>.debug_info</name>
         <load_address>0x9ca1</load_address>
         <run_address>0x9ca1</run_address>
         <size>0x46</size>
         <input_file_ref idref="fl-2d"/>
      </object_component>
      <object_component id="oc-3ee">
         <name>.debug_info</name>
         <load_address>0x9ce7</load_address>
         <run_address>0x9ce7</run_address>
         <size>0x10f</size>
         <input_file_ref idref="fl-2f"/>
      </object_component>
      <object_component id="oc-3fe">
         <name>.debug_info</name>
         <load_address>0x9df6</load_address>
         <run_address>0x9df6</run_address>
         <size>0x1d3</size>
         <input_file_ref idref="fl-43"/>
      </object_component>
      <object_component id="oc-457">
         <name>.debug_info</name>
         <load_address>0x9fc9</load_address>
         <run_address>0x9fc9</run_address>
         <size>0x46</size>
         <input_file_ref idref="fl-43"/>
      </object_component>
      <object_component id="oc-3e1">
         <name>.debug_info</name>
         <load_address>0xa00f</load_address>
         <run_address>0xa00f</run_address>
         <size>0x121</size>
         <input_file_ref idref="fl-44"/>
      </object_component>
      <object_component id="oc-6e6">
         <name>.debug_info</name>
         <load_address>0xa130</load_address>
         <run_address>0xa130</run_address>
         <size>0x121</size>
         <input_file_ref idref="fl-45"/>
      </object_component>
      <object_component id="oc-784">
         <name>.debug_info</name>
         <load_address>0xa251</load_address>
         <run_address>0xa251</run_address>
         <size>0x12d</size>
         <input_file_ref idref="fl-46"/>
      </object_component>
      <object_component id="oc-75c">
         <name>.debug_info</name>
         <load_address>0xa37e</load_address>
         <run_address>0xa37e</run_address>
         <size>0x121</size>
         <input_file_ref idref="fl-47"/>
      </object_component>
      <object_component id="oc-69f">
         <name>.debug_info</name>
         <load_address>0xa49f</load_address>
         <run_address>0xa49f</run_address>
         <size>0x121</size>
         <input_file_ref idref="fl-48"/>
      </object_component>
      <object_component id="oc-6dd">
         <name>.debug_info</name>
         <load_address>0xa5c0</load_address>
         <run_address>0xa5c0</run_address>
         <size>0x12a</size>
         <input_file_ref idref="fl-4b"/>
      </object_component>
      <object_component id="oc-758">
         <name>.debug_info</name>
         <load_address>0xa6ea</load_address>
         <run_address>0xa6ea</run_address>
         <size>0x124</size>
         <input_file_ref idref="fl-4d"/>
      </object_component>
      <object_component id="oc-6e0">
         <name>.debug_info</name>
         <load_address>0xa80e</load_address>
         <run_address>0xa80e</run_address>
         <size>0x121</size>
         <input_file_ref idref="fl-4e"/>
      </object_component>
      <object_component id="oc-3d1">
         <name>.debug_info</name>
         <load_address>0xa92f</load_address>
         <run_address>0xa92f</run_address>
         <size>0x100</size>
         <input_file_ref idref="fl-55"/>
      </object_component>
      <object_component id="oc-427">
         <name>.debug_info</name>
         <load_address>0xaa2f</load_address>
         <run_address>0xaa2f</run_address>
         <size>0x193</size>
         <input_file_ref idref="fl-55"/>
      </object_component>
      <object_component id="oc-477">
         <name>.debug_info</name>
         <load_address>0xabc2</load_address>
         <run_address>0xabc2</run_address>
         <size>0x1ae</size>
         <input_file_ref idref="fl-56"/>
      </object_component>
      <object_component id="oc-563">
         <name>.debug_info</name>
         <load_address>0xad70</load_address>
         <run_address>0xad70</run_address>
         <size>0x18b</size>
         <input_file_ref idref="fl-56"/>
      </object_component>
      <object_component id="oc-644">
         <name>.debug_info</name>
         <load_address>0xaefb</load_address>
         <run_address>0xaefb</run_address>
         <size>0x409</size>
         <input_file_ref idref="fl-58"/>
      </object_component>
      <object_component id="oc-54b">
         <name>.debug_info</name>
         <load_address>0xb304</load_address>
         <run_address>0xb304</run_address>
         <size>0x216</size>
         <input_file_ref idref="fl-58"/>
      </object_component>
      <object_component id="oc-708">
         <name>.debug_info</name>
         <load_address>0xb51a</load_address>
         <run_address>0xb51a</run_address>
         <size>0x39</size>
         <input_file_ref idref="fl-58"/>
      </object_component>
      <object_component id="oc-719">
         <name>.debug_info</name>
         <load_address>0xb553</load_address>
         <run_address>0xb553</run_address>
         <size>0x2c</size>
         <input_file_ref idref="fl-58"/>
      </object_component>
      <object_component id="oc-64f">
         <name>.debug_info</name>
         <load_address>0xb57f</load_address>
         <run_address>0xb57f</run_address>
         <size>0x2c</size>
         <input_file_ref idref="fl-58"/>
      </object_component>
      <object_component id="oc-70d">
         <name>.debug_info</name>
         <load_address>0xb5ab</load_address>
         <run_address>0xb5ab</run_address>
         <size>0xcd</size>
         <input_file_ref idref="fl-58"/>
      </object_component>
      <object_component id="oc-63f">
         <name>.debug_info</name>
         <load_address>0xb678</load_address>
         <run_address>0xb678</run_address>
         <size>0x150</size>
         <input_file_ref idref="fl-59"/>
      </object_component>
      <object_component id="oc-460">
         <name>.debug_info</name>
         <load_address>0xb7c8</load_address>
         <run_address>0xb7c8</run_address>
         <size>0x153</size>
         <input_file_ref idref="fl-5a"/>
      </object_component>
      <object_component id="oc-525">
         <name>.debug_info</name>
         <load_address>0xb91b</load_address>
         <run_address>0xb91b</run_address>
         <size>0x122</size>
         <input_file_ref idref="fl-5d"/>
      </object_component>
      <object_component id="oc-580">
         <name>.debug_info</name>
         <load_address>0xba3d</load_address>
         <run_address>0xba3d</run_address>
         <size>0x181</size>
         <input_file_ref idref="fl-60"/>
      </object_component>
      <object_component id="oc-4a3">
         <name>.debug_info</name>
         <load_address>0xbbbe</load_address>
         <run_address>0xbbbe</run_address>
         <size>0x17a</size>
[...]
         <name>UCB1CTLW1</name>
         <value>0x5c2</value>
      </symbol>
      <symbol id="sm-318">
         <name>UCB1CTLW1_L</name>
         <value>0x5c2</value>
      </symbol>
      <symbol id="sm-319">
         <name>UCB1CTLW1_H</name>
         <value>0x5c3</value>
      </symbol>
      <symbol id="sm-31a">
         <name>UCB1BRW</name>
         <value>0x5c6</value>
      </symbol>
      <symbol id="sm-31b">
         <name>UCB1BRW_L</name>
         <value>0x5c6</value>
      </symbol>
      <symbol id="sm-31c">
         <name>UCB1BRW_H</name>
         <value>0x5c7</value>
      </symbol>
      <symbol id="sm-31d">
         <name>UCB1STATW</name>
         <value>0x5c8</value>
      </symbol>
      <symbol id="sm-31e">
         <name>UCB1STATW_L</name>
         <value>0x5c8</value>
      </symbol>
      <symbol id="sm-31f">
         <name>UCB1STATW_H</name>
         <value>0x5c9</value>
      </symbol>
      <symbol id="sm-320">
         <name>UCB1TBCNT</name>
         <value>0x5ca</value>
      </symbol>
      <symbol id="sm-321">
         <name>UCB1TBCNT_L</name>
         <value>0x5ca</value>
      </symbol>
      <symbol id="sm-322">
         <name>UCB1TBCNT_H</name>
         <value>0x5cb</value>
      </symbol>
      <symbol id="sm-323">
         <name>UCB1RXBUF</name>
         <value>0x5cc</value>
      </symbol>
      <symbol id="sm-324">
         <name>UCB1RXBUF_L</name>
         <value>0x5cc</value>
      </symbol>
      <symbol id="sm-325">
         <name>UCB1RXBUF_H</name>
         <value>0x5cd</value>
      </symbol>
      <symbol id="sm-326">
         <name>UCB1TXBUF</name>
         <value>0x5ce</value>
      </symbol>
      <symbol id="sm-327">
         <name>UCB1TXBUF_L</name>
         <value>0x5ce</value>
      </symbol>
      <symbol id="sm-328">
         <name>UCB1TXBUF_H</name>
         <value>0x5cf</value>
      </symbol>
      <symbol id="sm-329">
         <name>UCB1I2COA0</name>
         <value>0x5d4</value>
      </symbol>
      <symbol id="sm-32a">
         <name>UCB1I2COA0_L</name>
         <value>0x5d4</value>
      </symbol>
      <symbol id="sm-32b">
         <name>UCB1I2COA0_H</name>
         <value>0x5d5</value>
      </symbol>
      <symbol id="sm-32c">
         <name>UCB1I2COA1</name>
         <value>0x5d6</value>
      </symbol>
      <symbol id="sm-32d">
         <name>UCB1I2COA1_L</name>
         <value>0x5d6</value>
      </symbol>
      <symbol id="sm-32e">
         <name>UCB1I2COA1_H</name>
         <value>0x5d7</value>
      </symbol>
      <symbol id="sm-32f">
         <name>UCB1I2COA2</name>
         <value>0x5d8</value>
      </symbol>
      <symbol id="sm-330">
         <name>UCB1I2COA2_L</name>
         <value>0x5d8</value>
      </symbol>
      <symbol id="sm-331">
         <name>UCB1I2COA2_H</name>
         <value>0x5d9</value>
      </symbol>
      <symbol id="sm-332">
         <name>UCB1I2COA3</name>
         <value>0x5da</value>
      </symbol>
      <symbol id="sm-333">
         <name>UCB1I2COA3_L</name>
         <value>0x5da</value>
      </symbol>
      <symbol id="sm-334">
         <name>UCB1I2COA3_H</name>
         <value>0x5db</value>
      </symbol>
      <symbol id="sm-335">
         <name>UCB1ADDRX</name>
         <value>0x5dc</value>
      </symbol>
      <symbol id="sm-336">
         <name>UCB1ADDRX_L</name>
         <value>0x5dc</value>
      </symbol>
      <symbol id="sm-337">
         <name>UCB1ADDRX_H</name>
         <value>0x5dd</value>
      </symbol>
      <symbol id="sm-338">
         <name>UCB1ADDMASK</name>
         <value>0x5de</value>
      </symbol>
      <symbol id="sm-339">
         <name>UCB1ADDMASK_L</name>
         <value>0x5de</value>
      </symbol>
      <symbol id="sm-33a">
         <name>UCB1ADDMASK_H</name>
         <value>0x5df</value>
      </symbol>
      <symbol id="sm-33b">
         <name>UCB1I2CSA</name>
         <value>0x5e0</value>
      </symbol>
      <symbol id="sm-33c">
         <name>UCB1I2CSA_L</name>
         <value>0x5e0</value>
      </symbol>
      <symbol id="sm-33d">
         <name>UCB1I2CSA_H</name>
         <value>0x5e1</value>
      </symbol>
      <symbol id="sm-33e">
         <name>UCB1IE</name>
         <value>0x5ea</value>
      </symbol>
      <symbol id="sm-33f">
         <name>UCB1IE_L</name>
         <value>0x5ea</value>
      </symbol>
      <symbol id="sm-340">
         <name>UCB1IE_H</name>
         <value>0x5eb</value>
      </symbol>
      <symbol id="sm-341">
         <name>UCB1IFG</name>
         <value>0x5ec</value>
      </symbol>
      <symbol id="sm-342">
         <name>UCB1IFG_L</name>
         <value>0x5ec</value>
      </symbol>
      <symbol id="sm-343">
         <name>UCB1IFG_H</name>
         <value>0x5ed</value>
      </symbol>
      <symbol id="sm-344">
         <name>UCB1IV</name>
         <value>0x5ee</value>
      </symbol>
      <symbol id="sm-345">
         <name>UCB1IV_L</name>
         <value>0x5ee</value>
      </symbol>
      <symbol id="sm-346">
         <name>UCB1IV_H</name>
         <value>0x5ef</value>
      </symbol>
      <symbol id="sm-347">
         <name>fram_rw_start</name>
         <value>0x8000</value>
      </symbol>
      <symbol id="sm-348">
         <name>fram_rx_start</name>
         <value>0x8000</value>
      </symbol>
      <symbol id="sm-349">
         <name>__TI_CINIT_Base</name>
         <value>0x801e</value>
      </symbol>
      <symbol id="sm-34a">
         <name>__TI_CINIT_Limit</name>
         <value>0x802e</value>
      </symbol>
      <symbol id="sm-34b">
         <name>__TI_CINIT_Warm</name>
         <value>0x802e</value>
      </symbol>
      <symbol id="sm-34c">
         <name>__TI_Handler_Table_Base</name>
         <value>0x800c</value>
      </symbol>
      <symbol id="sm-34d">
         <name>__TI_Handler_Table_Limit</name>
         <value>0x8018</value>
      </symbol>
      <symbol id="sm-34e">
         <name>__STACK_SIZE</name>
         <value>0xa0</value>
      </symbol>
      <symbol id="sm-34f">
         <name>__STACK_END</name>
         <value>0x3000</value>
      </symbol>
      <symbol id="sm-350">
         <name>__c_args__</name>
         <value>0xffffffff</value>
      </symbol>
      <symbol id="sm-351">
         <name>__TI_pprof_out_hndl</name>
         <value>0xffffffff</value>
      </symbol>
      <symbol id="sm-352">
         <name>__TI_prof_data_start</name>
         <value>0xffffffff</value>
      </symbol>
      <symbol id="sm-353">
         <name>__TI_prof_data_size</name>
         <value>0xffffffff</value>
      </symbol>
      <symbol id="sm-43c">
         <name>TMP112_ReadTemp</name>
         <value>0x9b58</value>
         <object_component_ref idref="oc-606"/>
      </symbol>
      <symbol id="sm-43d">
         <name>TMP112_ReadConfig</name>
         <value>0x9fba</value>
         <object_component_ref idref="oc-5ba"/>
      </symbol>
      <symbol id="sm-43e">
         <name>TMP112_Init</name>
         <value>0x9a2c</value>
         <object_component_ref idref="oc-4d0"/>
      </symbol>
      <symbol id="sm-43f">
         <name>TMP112_WriteConfig</name>
         <value>0x9fc6</value>
         <object_component_ref idref="oc-5b4"/>
      </symbol>
      <symbol id="sm-475">
         <name>ADS_ReadConversionRaw</name>
         <value>0x92fa</value>
         <object_component_ref idref="oc-618"/>
      </symbol>
      <symbol id="sm-476">
         <name>ADS_SetPointer</name>
         <value>0x9614</value>
         <object_component_ref idref="oc-6cc"/>
      </symbol>
      <symbol id="sm-477">
         <name>ADS_StartSingleShot</name>
         <value>0x8ff6</value>
         <object_component_ref idref="oc-624"/>
      </symbol>
      <symbol id="sm-492">
         <name>Software_Trim</name>
         <value>0x90cc</value>
         <object_component_ref idref="oc-587"/>
      </symbol>
      <symbol id="sm-493">
         <name>Clock_Init</name>
         <value>0x9e18</value>
         <object_component_ref idref="oc-4ac"/>
      </symbol>
      <symbol id="sm-4f3">
         <name>FRAM_Load</name>
         <value>0x9814</value>
         <object_component_ref idref="oc-4be"/>
      </symbol>
      <symbol id="sm-4f4">
         <name>FRAM_GetData</name>
         <value>0x9ff6</value>
         <object_component_ref idref="oc-74f"/>
      </symbol>
      <symbol id="sm-4f5">
         <name>FRAM_CRC16</name>
         <value>0x9db6</value>
         <object_component_ref idref="oc-59f"/>
      </symbol>
      <symbol id="sm-4f6">
         <name>FRAM_GetSlaveID</name>
         <value>0x9ffc</value>
         <object_component_ref idref="oc-4e8"/>
      </symbol>
      <symbol id="sm-4f7">
         <name>FRAM_Save</name>
         <value>0x8c2e</value>
         <object_component_ref idref="oc-599"/>
      </symbol>
      <symbol id="sm-500">
         <name>GPIO_Init</name>
         <value>0x94f4</value>
         <object_component_ref idref="oc-4a6"/>
      </symbol>
      <symbol id="sm-527">
         <name>I2C_BusReset</name>
         <value>0x9456</value>
         <object_component_ref idref="oc-4ca"/>
      </symbol>
      <symbol id="sm-528">
         <name>I2C_Init</name>
         <value>0x9e8a</value>
         <object_component_ref idref="oc-4b8"/>
      </symbol>
      <symbol id="sm-529">
         <name>I2C_WaitFlag</name>
         <value>0x9d48</value>
         <object_component_ref idref="oc-677"/>
      </symbol>
      <symbol id="sm-564">
         <name>LMP_Init</name>
         <value>0x8b28</value>
         <object_component_ref idref="oc-4c4"/>
      </symbol>
      <symbol id="sm-565">
         <name>LMP_Write</name>
         <value>0x8f12</value>
         <object_component_ref idref="oc-5ac"/>
      </symbol>
      <symbol id="sm-566">
         <name>LMP_Read</name>
         <value>0x87c6</value>
         <object_component_ref idref="oc-5a6"/>
      </symbol>
      <symbol id="sm-63d">
         <name>__TI_int43</name>
         <value>0xfff8</value>
         <object_component_ref idref="oc-83"/>
      </symbol>
      <symbol id="sm-63e">
         <name>main</name>
         <value>0x8a0e</value>
         <object_component_ref idref="oc-463"/>
      </symbol>
      <symbol id="sm-63f">
         <name>TIMER0_B0_ISR</name>
         <value>0xa094</value>
         <object_component_ref idref="oc-3f6"/>
      </symbol>
      <symbol id="sm-6cc">
         <name>ModbusRTU_Poll</name>
         <value>0x9964</value>
         <object_component_ref idref="oc-4ee"/>
      </symbol>
      <symbol id="sm-6cd">
         <name>ModbusRTU_OnRxByte</name>
         <value>0x9a7c</value>
         <object_component_ref idref="oc-446"/>
      </symbol>
      <symbol id="sm-6ce">
         <name>ModbusRTU_GetAndClearDiagEvent</name>
         <value>0x9fdc</value>
         <object_component_ref idref="oc-506"/>
      </symbol>
      <symbol id="sm-746">
         <name>__TI_int32</name>
         <value>0xffe2</value>
         <object_component_ref idref="oc-78"/>
      </symbol>
      <symbol id="sm-747">
         <name>UART_GetAndClearIsrByteCount</name>
         <value>0x9f34</value>
         <object_component_ref idref="oc-4f4"/>
      </symbol>
      <symbol id="sm-748">
         <name>UART_GetAndClearRxErrors</name>
         <value>0x9f48</value>
         <object_component_ref idref="oc-4fa"/>
      </symbol>
      <symbol id="sm-749">
         <name>UART_RxOverflowed</name>
         <value>0xa014</value>
         <object_component_ref idref="oc-5e1"/>
      </symbol>
      <symbol id="sm-74a">
         <name>UART_ClearRxOverflow</name>
         <value>0xa008</value>
         <object_component_ref idref="oc-5e7"/>
      </symbol>
      <symbol id="sm-74b">
         <name>UART_GetLastRxTick</name>
         <value>0xa00e</value>
         <object_component_ref idref="oc-4e2"/>
      </symbol>
      <symbol id="sm-74c">
         <name>EUSCI_A1_ISR</name>
         <value>0xa02e</value>
         <object_component_ref idref="oc-3f0"/>
      </symbol>
      <symbol id="sm-74d">
         <name>UART_SendStr</name>
         <value>0x9f5c</value>
         <object_component_ref idref="oc-5c5"/>
      </symbol>
      <symbol id="sm-74e">
         <name>UART_SendBuf</name>
         <value>0x9ec8</value>
         <object_component_ref idref="oc-73f"/>
      </symbol>
      <symbol id="sm-74f">
         <name>UART_SendChar</name>
         <value>0x9fa0</value>
         <object_component_ref idref="oc-695"/>
      </symbol>
      <symbol id="sm-750">
         <name>UART_SendHex8</name>
         <value>0x9d0e</value>
         <object_component_ref idref="oc-6a3"/>
      </symbol>
      <symbol id="sm-751">
         <name>UART_Init</name>
         <value>0x9e42</value>
         <object_component_ref idref="oc-4b2"/>
      </symbol>
      <symbol id="sm-752">
         <name>UART_SendUInt</name>
         <value>0x99cc</value>
         <object_component_ref idref="oc-5d1"/>
      </symbol>
      <symbol id="sm-773">
         <name>__TI_decompress_lzss</name>
         <value>0x8e24</value>
         <object_component_ref idref="oc-64"/>
      </symbol>
      <symbol id="sm-784">
         <name>__TI_decompress_none</name>
         <value>0x9cd2</value>
         <object_component_ref idref="oc-6a"/>
      </symbol>
      <symbol id="sm-787">
         <name>__TI_int22</name>
         <value>0xffce</value>
         <object_component_ref idref="oc-70"/>
      </symbol>
      <symbol id="sm-78f">
         <name>__TI_ISR_TRAP</name>
         <value>0xa0b2</value>
         <object_component_ref idref="oc-3eb"/>
      </symbol>
      <symbol id="sm-792">
         <name>__TI_int23</name>
         <value>0xffd0</value>
         <object_component_ref idref="oc-71"/>
      </symbol>
      <symbol id="sm-795">
         <name>__TI_int24</name>
         <value>0xffd2</value>
         <object_component_ref idref="oc-72"/>
      </symbol>
      <symbol id="sm-798">
         <name>__TI_int25</name>
         <value>0xffd4</value>
         <object_component_ref idref="oc-73"/>
      </symbol>
      <symbol id="sm-79b">
         <name>__TI_int28</name>
         <value>0xffda</value>
         <object_component_ref idref="oc-74"/>
      </symbol>
      <symbol id="sm-79e">
         <name>__TI_int29</name>
         <value>0xffdc</value>
         <object_component_ref idref="oc-75"/>
      </symbol>
      <symbol id="sm-7a1">
         <name>__TI_int30</name>
         <value>0xffde</value>
         <object_component_ref idref="oc-76"/>
      </symbol>
      <symbol id="sm-7a4">
         <name>__TI_int31</name>
         <value>0xffe0</value>
         <object_component_ref idref="oc-77"/>
      </symbol>
      <symbol id="sm-7a7">
         <name>__TI_int33</name>
         <value>0xffe4</value>
         <object_component_ref idref="oc-79"/>
      </symbol>
      <symbol id="sm-7aa">
         <name>__TI_int34</name>
         <value>0xffe6</value>
         <object_component_ref idref="oc-7a"/>
      </symbol>
      <symbol id="sm-7ad">
         <name>__TI_int35</name>
         <value>0xffe8</value>
         <object_component_ref idref="oc-7b"/>
      </symbol>
      <symbol id="sm-7b0">
         <name>__TI_int36</name>
         <value>0xffea</value>
         <object_component_ref idref="oc-7c"/>
      </symbol>
      <symbol id="sm-7b3">
         <name>__TI_int37</name>
         <value>0xffec</value>
         <object_component_ref idref="oc-7d"/>
      </symbol>
      <symbol id="sm-7b6">
         <name>__TI_int38</name>
         <value>0xffee</value>
         <object_component_ref idref="oc-7e"/>
      </symbol>
      <symbol id="sm-7b9">
         <name>__TI_int39</name>
         <value>0xfff0</value>
         <object_component_ref idref="oc-7f"/>
      </symbol>
      <symbol id="sm-7bc">
         <name>__TI_int40</name>
         <value>0xfff2</value>
         <object_component_ref idref="oc-80"/>
      </symbol>
      <symbol id="sm-7bf">
         <name>__TI_int41</name>
         <value>0xfff4</value>
         <object_component_ref idref="oc-81"/>
      </symbol>
      <symbol id="sm-7c2">
         <name>__TI_int42</name>
         <value>0xfff6</value>
         <object_component_ref idref="oc-82"/>
      </symbol>
      <symbol id="sm-7c5">
         <name>__TI_int44</name>
         <value>0xfffa</value>
         <object_component_ref idref="oc-84"/>
      </symbol>
      <symbol id="sm-7c8">
         <name>__TI_int45</name>
         <value>0xfffc</value>
         <object_component_ref idref="oc-85"/>
      </symbol>
      <symbol id="sm-7d8">
         <name>__TI_zero_init_nomemset</name>
         <value>0x9c58</value>
         <object_component_ref idref="oc-3fc"/>
      </symbol>
      <symbol id="sm-7e3">
         <name>__memcpy_far</name>
         <value>0x9b9c</value>
         <object_component_ref idref="oc-3df"/>
      </symbol>
      <symbol id="sm-7fe">
         <name>__mspabi_subf</name>
         <value>0x8564</value>
         <object_component_ref idref="oc-6e4"/>
      </symbol>
      <symbol id="sm-7ff">
         <name>__mspabi_addf</name>
         <value>0x856a</value>
         <object_component_ref idref="oc-6e4"/>
      </symbol>
      <symbol id="sm-80f">
         <name>__mspabi_cmpf</name>
         <value>0x9aca</value>
         <object_component_ref idref="oc-783"/>
      </symbol>
      <symbol id="sm-821">
         <name>__mspabi_divf</name>
         <value>0x9584</value>
         <object_component_ref idref="oc-75a"/>
      </symbol>
      <symbol id="sm-82b">
         <name>__mspabi_remu</name>
         <value>0x9ee2</value>
         <object_component_ref idref="oc-69d"/>
      </symbol>
      <symbol id="sm-82c">
         <name>__mspabi_divu</name>
         <value>0x9ee2</value>
         <object_component_ref idref="oc-69d"/>
      </symbol>
      <symbol id="sm-83b">
         <name>__mspabi_fltif</name>
         <value>0x9d80</value>
         <object_component_ref idref="oc-6da"/>
      </symbol>
      <symbol id="sm-847">
         <name>__mspabi_fltuf</name>
         <value>0x9e66</value>
         <object_component_ref idref="oc-755"/>
      </symbol>
      <symbol id="sm-85e">
         <name>__mspabi_mpyf</name>
         <value>0x9242</value>
         <object_component_ref idref="oc-6df"/>
      </symbol>
      <symbol id="sm-874">
         <name>_c_int00_noargs_mpu</name>
         <value>0xa074</value>
         <object_component_ref idref="oc-426"/>
      </symbol>
      <symbol id="sm-875">
         <name>_stack</name>
         <value>0x2f60</value>
         <object_component_ref idref="oc-3d0"/>
      </symbol>
      <symbol id="sm-876">
         <name>_reset_vector</name>
         <value>0xfffe</value>
         <object_component_ref idref="oc-3d3"/>
      </symbol>
      <symbol id="sm-884">
         <name>__mpu_init</name>
         <value>0x9c96</value>
         <object_component_ref idref="oc-475"/>
      </symbol>
      <symbol id="sm-8a7">
         <name>__TI_auto_init_nobinit_nopinit_hold_wdt</name>
         <value>0x98fa</value>
         <object_component_ref idref="oc-548"/>
      </symbol>
      <symbol id="sm-8b0">
         <name>_system_post_cinit</name>
         <value>0xa02c</value>
         <object_component_ref idref="oc-63d"/>
      </symbol>
      <symbol id="sm-8b9">
         <name>_system_pre_init</name>
         <value>0xa028</value>
         <object_component_ref idref="oc-45d"/>
      </symbol>
      <symbol id="sm-8c5">
         <name>C$$EXIT</name>
         <value>0xa01a</value>
         <object_component_ref idref="oc-524"/>
      </symbol>
      <symbol id="sm-8c6">
         <name>abort</name>
         <value>0xa01a</value>
         <object_component_ref idref="oc-524"/>
      </symbol>
      <symbol id="sm-8d6">
         <name>memcpy</name>
         <value>0x9f6e</value>
         <object_component_ref idref="oc-4a0"/>
      </symbol>
      <symbol id="sm-8dd">
         <name>TMP112_I2CBusReset</name>
         <value>0x9456</value>
      </symbol>
   </symbol_table>
   <title>Link successful</title>
</link_info>
